Archive member included because of file (symbol)

d:/01- embedded systems avr tools-20260212t180018z-1-001/01- embedded systems avr tools/01- imt sdk/imt_sdk_win_64/winavr/bin/../lib/gcc/avr/4.3.3/avr5\libgcc.a(_exit.o)
                              d:/01- embedded systems avr tools-20260212t180018z-1-001/01- embedded systems avr tools/01- imt sdk/imt_sdk_win_64/winavr/bin/../lib/gcc/avr/4.3.3/../../../../avr/lib/avr5/crtm32.o (exit)
d:/01- embedded systems avr tools-20260212t180018z-1-001/01- embedded systems avr tools/01- imt sdk/imt_sdk_win_64/winavr/bin/../lib/gcc/avr/4.3.3/avr5\libgcc.a(_copy_data.o)
                              ./main.o (__do_copy_data)
d:/01- embedded systems avr tools-20260212t180018z-1-001/01- embedded systems avr tools/01- imt sdk/imt_sdk_win_64/winavr/bin/../lib/gcc/avr/4.3.3/avr5\libgcc.a(_clear_bss.o)
                              ./main.o (__do_clear_bss)

Allocating common symbols
Common symbol       size              file

button1_status      0x1               ./main.o
button2_status      0x1               ./main.o

Memory Configuration

Name             Origin             Length             Attributes
text             0x00000000         0x00020000         xr
data             0x00800060         0x0000ffa0         rw !x
eeprom           0x00810000         0x00010000         rw !x
fuse             0x00820000         0x00000400         rw !x
lock             0x00830000         0x00000400         rw !x
signature        0x00840000         0x00000400         rw !x
*default*        0x00000000         0xffffffff

Linker script and memory map

LOAD d:/01- embedded systems avr tools-20260212t180018z-1-001/01- embedded systems avr tools/01- imt sdk/imt_sdk_win_64/winavr/bin/../lib/gcc/avr/4.3.3/../../../../avr/lib/avr5/crtm32.o
LOAD ./DC_MOTOR.o
LOAD ./DIO_program.o
LOAD ./SWITCH.o
LOAD ./main.o
LOAD d:/01- embedded systems avr tools-20260212t180018z-1-001/01- embedded systems avr tools/01- imt sdk/imt_sdk_win_64/winavr/bin/../lib/gcc/avr/4.3.3/avr5\libgcc.a
LOAD d:/01- embedded systems avr tools-20260212t180018z-1-001/01- embedded systems avr tools/01- imt sdk/imt_sdk_win_64/winavr/bin/../lib/gcc/avr/4.3.3/../../../../avr/lib/avr5\libc.a
LOAD d:/01- embedded systems avr tools-20260212t180018z-1-001/01- embedded systems avr tools/01- imt sdk/imt_sdk_win_64/winavr/bin/../lib/gcc/avr/4.3.3/avr5\libgcc.a

.hash
 *(.hash)

.dynsym
 *(.dynsym)

.dynstr
 *(.dynstr)

.gnu.version
 *(.gnu.version)

.gnu.version_d
 *(.gnu.version_d)

.gnu.version_r
 *(.gnu.version_r)

.rel.init
 *(.rel.init)

.rela.init
 *(.rela.init)

.rel.text
 *(.rel.text)
 *(.rel.text.*)
 *(.rel.gnu.linkonce.t*)

.rela.text
 *(.rela.text)
 *(.rela.text.*)
 *(.rela.gnu.linkonce.t*)

.rel.fini
 *(.rel.fini)

.rela.fini
 *(.rela.fini)

.rel.rodata
 *(.rel.rodata)
 *(.rel.rodata.*)
 *(.rel.gnu.linkonce.r*)

.rela.rodata
 *(.rela.rodata)
 *(.rela.rodata.*)
 *(.rela.gnu.linkonce.r*)

.rel.data
 *(.rel.data)
 *(.rel.data.*)
 *(.rel.gnu.linkonce.d*)

.rela.data
 *(.rela.data)
 *(.rela.data.*)
 *(.rela.gnu.linkonce.d*)

.rel.ctors
 *(.rel.ctors)

.rela.ctors
 *(.rela.ctors)

.rel.dtors
 *(.rel.dtors)

.rela.dtors
 *(.rela.dtors)

.rel.got
 *(.rel.got)

.rela.got
 *(.rela.got)

.rel.bss
 *(.rel.bss)

.rela.bss
 *(.rela.bss)

.rel.plt
 *(.rel.plt)

.rela.plt
 *(.rela.plt)

.text           0x00000000      0xd46
 *(.vectors)
 .vectors       0x00000000       0x54 d:/01- embedded systems avr tools-20260212t180018z-1-001/01- embedded systems avr tools/01- imt sdk/imt_sdk_win_64/winavr/bin/../lib/gcc/avr/4.3.3/../../../../avr/lib/avr5/crtm32.o
                0x00000000                __vectors
                0x00000000                __vector_default
 *(.vectors)
 *(.progmem.gcc*)
 *(.progmem*)
                0x00000054                . = ALIGN (0x2)
                0x00000054                __trampolines_start = .
 *(.trampolines)
 .trampolines   0x00000054        0x0 linker stubs
 *(.trampolines*)
                0x00000054                __trampolines_end = .
 *(.jumptables)
 *(.jumptables*)
 *(.lowtext)
 *(.lowtext*)
                0x00000054                __ctors_start = .
 *(.ctors)
                0x00000054                __ctors_end = .
                0x00000054                __dtors_start = .
 *(.dtors)
                0x00000054                __dtors_end = .
 SORT(*)(.ctors)
 SORT(*)(.dtors)
 *(.init0)
 .init0         0x00000054        0x0 d:/01- embedded systems avr tools-20260212t180018z-1-001/01- embedded systems avr tools/01- imt sdk/imt_sdk_win_64/winavr/bin/../lib/gcc/avr/4.3.3/../../../../avr/lib/avr5/crtm32.o
                0x00000054                __init
 *(.init0)
 *(.init1)
 *(.init1)
 *(.init2)
 .init2         0x00000054        0xc d:/01- embedded systems avr tools-20260212t180018z-1-001/01- embedded systems avr tools/01- imt sdk/imt_sdk_win_64/winavr/bin/../lib/gcc/avr/4.3.3/../../../../avr/lib/avr5/crtm32.o
 *(.init2)
 *(.init3)
 *(.init3)
 *(.init4)
 .init4         0x00000060       0x16 d:/01- embedded systems avr tools-20260212t180018z-1-001/01- embedded systems avr tools/01- imt sdk/imt_sdk_win_64/winavr/bin/../lib/gcc/avr/4.3.3/avr5\libgcc.a(_copy_data.o)
                0x00000060                __do_copy_data
 .init4         0x00000076       0x10 d:/01- embedded systems avr tools-20260212t180018z-1-001/01- embedded systems avr tools/01- imt sdk/imt_sdk_win_64/winavr/bin/../lib/gcc/avr/4.3.3/avr5\libgcc.a(_clear_bss.o)
                0x00000076                __do_clear_bss
 *(.init4)
 *(.init5)
 *(.init5)
 *(.init6)
 *(.init6)
 *(.init7)
 *(.init7)
 *(.init8)
 *(.init8)
 *(.init9)
 .init9         0x00000086        0x8 d:/01- embedded systems avr tools-20260212t180018z-1-001/01- embedded systems avr tools/01- imt sdk/imt_sdk_win_64/winavr/bin/../lib/gcc/avr/4.3.3/../../../../avr/lib/avr5/crtm32.o
 *(.init9)
 *(.text)
 .text          0x0000008e        0x4 d:/01- embedded systems avr tools-20260212t180018z-1-001/01- embedded systems avr tools/01- imt sdk/imt_sdk_win_64/winavr/bin/../lib/gcc/avr/4.3.3/../../../../avr/lib/avr5/crtm32.o
                0x0000008e                __vector_1
                0x0000008e                __vector_12
                0x0000008e                __bad_interrupt
                0x0000008e                __vector_6
                0x0000008e                __vector_3
                0x0000008e                __vector_11
                0x0000008e                __vector_13
                0x0000008e                __vector_17
                0x0000008e                __vector_19
                0x0000008e                __vector_7
                0x0000008e                __vector_5
                0x0000008e                __vector_4
                0x0000008e                __vector_9
                0x0000008e                __vector_2
                0x0000008e                __vector_15
                0x0000008e                __vector_8
                0x0000008e                __vector_14
                0x0000008e                __vector_10
                0x0000008e                __vector_16
                0x0000008e                __vector_18
                0x0000008e                __vector_20
 .text          0x00000092        0x0 ./DC_MOTOR.o
 .text          0x00000092        0x0 ./DIO_program.o
 .text          0x00000092        0x0 ./SWITCH.o
 .text          0x00000092        0x0 ./main.o
 .text          0x00000092        0x0 d:/01- embedded systems avr tools-20260212t180018z-1-001/01- embedded systems avr tools/01- imt sdk/imt_sdk_win_64/winavr/bin/../lib/gcc/avr/4.3.3/avr5\libgcc.a(_exit.o)
 .text          0x00000092        0x0 d:/01- embedded systems avr tools-20260212t180018z-1-001/01- embedded systems avr tools/01- imt sdk/imt_sdk_win_64/winavr/bin/../lib/gcc/avr/4.3.3/avr5\libgcc.a(_copy_data.o)
 .text          0x00000092        0x0 d:/01- embedded systems avr tools-20260212t180018z-1-001/01- embedded systems avr tools/01- imt sdk/imt_sdk_win_64/winavr/bin/../lib/gcc/avr/4.3.3/avr5\libgcc.a(_clear_bss.o)
                0x00000092                . = ALIGN (0x2)
 *(.text.*)
 .text.DC_MOTOR_Init
                0x00000092       0x4e ./DC_MOTOR.o
                0x00000092                DC_MOTOR_Init
 .text.DC_MOTOR_ON_CW
                0x000000e0       0x36 ./DC_MOTOR.o
                0x000000e0                DC_MOTOR_ON_CW
 .text.DC_MOTOR_ON_CCW
                0x00000116       0x36 ./DC_MOTOR.o
                0x00000116                DC_MOTOR_ON_CCW
 .text.DC_MOTOR_OFF
                0x0000014c       0x36 ./DC_MOTOR.o
                0x0000014c                DC_MOTOR_OFF
 .text.DIO_SetPinDirection
                0x00000182      0x25e ./DIO_program.o
                0x00000182                DIO_SetPinDirection
 .text.DIO_SetPinValue
                0x000003e0      0x266 ./DIO_program.o
                0x000003e0                DIO_SetPinValue
 .text.DIO_GetPinValue
                0x00000646      0x142 ./DIO_program.o
                0x00000646                DIO_GetPinValue
 .text.DIO_SetPin_PullUp
                0x00000788      0x220 ./DIO_program.o
                0x00000788                DIO_SetPin_PullUp
 .text.DIO_SetPortDirection
                0x000009a8       0xa6 ./DIO_program.o
                0x000009a8                DIO_SetPortDirection
 .text.DIO_SetPortValue
                0x00000a4e       0xa6 ./DIO_program.o
                0x00000a4e                DIO_SetPortValue
 .text.DIO_GetPortValue
                0x00000af4       0xc6 ./DIO_program.o
                0x00000af4                DIO_GetPortValue
 .text.SW_Init  0x00000bba       0x3c ./SWITCH.o
                0x00000bba                SW_Init
 .text.SW_Getpressed
                0x00000bf6       0xba ./SWITCH.o
                0x00000bf6                SW_Getpressed
 .text.main     0x00000cb0       0x92 ./main.o
                0x00000cb0                main
 .text.libgcc   0x00000d42        0x0 d:/01- embedded systems avr tools-20260212t180018z-1-001/01- embedded systems avr tools/01- imt sdk/imt_sdk_win_64/winavr/bin/../lib/gcc/avr/4.3.3/avr5\libgcc.a(_exit.o)
 .text.libgcc   0x00000d42        0x0 d:/01- embedded systems avr tools-20260212t180018z-1-001/01- embedded systems avr tools/01- imt sdk/imt_sdk_win_64/winavr/bin/../lib/gcc/avr/4.3.3/avr5\libgcc.a(_copy_data.o)
 .text.libgcc   0x00000d42        0x0 d:/01- embedded systems avr tools-20260212t180018z-1-001/01- embedded systems avr tools/01- imt sdk/imt_sdk_win_64/winavr/bin/../lib/gcc/avr/4.3.3/avr5\libgcc.a(_clear_bss.o)
                0x00000d42                . = ALIGN (0x2)
 *(.fini9)
 .fini9         0x00000d42        0x0 d:/01- embedded systems avr tools-20260212t180018z-1-001/01- embedded systems avr tools/01- imt sdk/imt_sdk_win_64/winavr/bin/../lib/gcc/avr/4.3.3/avr5\libgcc.a(_exit.o)
                0x00000d42                exit
                0x00000d42                _exit
 *(.fini9)
 *(.fini8)
 *(.fini8)
 *(.fini7)
 *(.fini7)
 *(.fini6)
 *(.fini6)
 *(.fini5)
 *(.fini5)
 *(.fini4)
 *(.fini4)
 *(.fini3)
 *(.fini3)
 *(.fini2)
 *(.fini2)
 *(.fini1)
 *(.fini1)
 *(.fini0)
 .fini0         0x00000d42        0x4 d:/01- embedded systems avr tools-20260212t180018z-1-001/01- embedded systems avr tools/01- imt sdk/imt_sdk_win_64/winavr/bin/../lib/gcc/avr/4.3.3/avr5\libgcc.a(_exit.o)
 *(.fini0)
                0x00000d46                _etext = .

.data           0x00800060        0xa load address 0x00000d46
                0x00800060                PROVIDE (__data_start, .)
 *(.data)
 .data          0x00800060        0x0 d:/01- embedded systems avr tools-20260212t180018z-1-001/01- embedded systems avr tools/01- imt sdk/imt_sdk_win_64/winavr/bin/../lib/gcc/avr/4.3.3/../../../../avr/lib/avr5/crtm32.o
 .data          0x00800060        0x0 ./DC_MOTOR.o
 .data          0x00800060        0x0 ./DIO_program.o
 .data          0x00800060        0x0 ./SWITCH.o
 .data          0x00800060        0x0 ./main.o
 .data          0x00800060        0x0 d:/01- embedded systems avr tools-20260212t180018z-1-001/01- embedded systems avr tools/01- imt sdk/imt_sdk_win_64/winavr/bin/../lib/gcc/avr/4.3.3/avr5\libgcc.a(_exit.o)
 .data          0x00800060        0x0 d:/01- embedded systems avr tools-20260212t180018z-1-001/01- embedded systems avr tools/01- imt sdk/imt_sdk_win_64/winavr/bin/../lib/gcc/avr/4.3.3/avr5\libgcc.a(_copy_data.o)
 .data          0x00800060        0x0 d:/01- embedded systems avr tools-20260212t180018z-1-001/01- embedded systems avr tools/01- imt sdk/imt_sdk_win_64/winavr/bin/../lib/gcc/avr/4.3.3/avr5\libgcc.a(_clear_bss.o)
 *(.data*)
 .data.sw1      0x00800060        0x3 ./main.o
                0x00800060                sw1
 .data.sw2      0x00800063        0x3 ./main.o
                0x00800063                sw2
 .data.motor1   0x00800066        0x3 ./main.o
                0x00800066                motor1
 *(.rodata)
 *(.rodata*)
 *(.gnu.linkonce.d*)
                0x0080006a                . = ALIGN (0x2)
 *fill*         0x00800069        0x1 00
                0x0080006a                _edata = .
                0x0080006a                PROVIDE (__data_end, .)

.bss            0x0080006a        0x2
                0x0080006a                PROVIDE (__bss_start, .)
 *(.bss)
 .bss           0x0080006a        0x0 d:/01- embedded systems avr tools-20260212t180018z-1-001/01- embedded systems avr tools/01- imt sdk/imt_sdk_win_64/winavr/bin/../lib/gcc/avr/4.3.3/../../../../avr/lib/avr5/crtm32.o
 .bss           0x0080006a        0x0 ./DC_MOTOR.o
 .bss           0x0080006a        0x0 ./DIO_program.o
 .bss           0x0080006a        0x0 ./SWITCH.o
 .bss           0x0080006a        0x0 ./main.o
 .bss           0x0080006a        0x0 d:/01- embedded systems avr tools-20260212t180018z-1-001/01- embedded systems avr tools/01- imt sdk/imt_sdk_win_64/winavr/bin/../lib/gcc/avr/4.3.3/avr5\libgcc.a(_exit.o)
 .bss           0x0080006a        0x0 d:/01- embedded systems avr tools-20260212t180018z-1-001/01- embedded systems avr tools/01- imt sdk/imt_sdk_win_64/winavr/bin/../lib/gcc/avr/4.3.3/avr5\libgcc.a(_copy_data.o)
 .bss           0x0080006a        0x0 d:/01- embedded systems avr tools-20260212t180018z-1-001/01- embedded systems avr tools/01- imt sdk/imt_sdk_win_64/winavr/bin/../lib/gcc/avr/4.3.3/avr5\libgcc.a(_clear_bss.o)
 *(.bss*)
 *(COMMON)
 COMMON         0x0080006a        0x2 ./main.o
                0x0080006a                button1_status
                0x0080006b                button2_status
                0x0080006c                PROVIDE (__bss_end, .)
                0x00000d46                __data_load_start = LOADADDR (.data)
                0x00000d50                __data_load_end = (__data_load_start + SIZEOF (.data))

.noinit         0x0080006c        0x0
                0x0080006c                PROVIDE (__noinit_start, .)
 *(.noinit*)
                0x0080006c                PROVIDE (__noinit_end, .)
                0x0080006c                _end = .
                0x0080006c                PROVIDE (__heap_start, .)

.eeprom         0x00810000        0x0
 *(.eeprom*)
                0x00810000                __eeprom_end = .

.fuse
 *(.fuse)
 *(.lfuse)
 *(.hfuse)
 *(.efuse)

.lock
 *(.lock*)

.signature
 *(.signature*)

.stab           0x00000000     0x1200
 *(.stab)
 .stab          0x00000000      0x2e8 ./DC_MOTOR.o
 .stab          0x000002e8      0x8ac ./DIO_program.o
                                0x954 (size before relaxing)
 .stab          0x00000b94      0x258 ./SWITCH.o
                                0x300 (size before relaxing)
 .stab          0x00000dec      0x414 ./main.o
                                0x450 (size before relaxing)

.stabstr        0x00000000      0xdf6
 *(.stabstr)
 .stabstr       0x00000000      0xdf6 ./DC_MOTOR.o

.stab.excl
 *(.stab.excl)

.stab.exclstr
 *(.stab.exclstr)

.stab.index
 *(.stab.index)

.stab.indexstr
 *(.stab.indexstr)

.comment
 *(.comment)

.debug
 *(.debug)

.line
 *(.line)

.debug_srcinfo
 *(.debug_srcinfo)

.debug_sfnames
 *(.debug_sfnames)

.debug_aranges
 *(.debug_aranges)

.debug_pubnames
 *(.debug_pubnames)

.debug_info
 *(.debug_info)
 *(.gnu.linkonce.wi.*)

.debug_abbrev
 *(.debug_abbrev)

.debug_line
 *(.debug_line)

.debug_frame
 *(.debug_frame)

.debug_str
 *(.debug_str)

.debug_loc
 *(.debug_loc)

.debug_macinfo
 *(.debug_macinfo)
OUTPUT(DC_MOTOR_test.elf elf32-avr)
LOAD linker stubs
