Archive member included because of file (symbol)

d:/01- embedded systems avr tools-20260212t180018z-1-001/01- embedded systems avr tools/01- imt sdk/imt_sdk_win_64/winavr/bin/../lib/gcc/avr/4.3.3/avr5\libgcc.a(_exit.o)
                              d:/01- embedded systems avr tools-20260212t180018z-1-001/01- embedded systems avr tools/01- imt sdk/imt_sdk_win_64/winavr/bin/../lib/gcc/avr/4.3.3/../../../../avr/lib/avr5/crtm32.o (exit)
d:/01- embedded systems avr tools-20260212t180018z-1-001/01- embedded systems avr tools/01- imt sdk/imt_sdk_win_64/winavr/bin/../lib/gcc/avr/4.3.3/avr5\libgcc.a(_clear_bss.o)
                              ./ADC_program.o (__do_clear_bss)

Allocating common symbols
Common symbol       size              file

rising_edge2        0x2               ./main.o
rising_edge1        0x2               ./main.o

Memory Configuration

Name             Origin             Length             Attributes
text             0x00000000         0x00020000         xr
data             0x00800060         0x0000ffa0         rw !x
eeprom           0x00810000         0x00010000         rw !x
fuse             0x00820000         0x00000400         rw !x
lock             0x00830000         0x00000400         rw !x
signature        0x00840000         0x00000400         rw !x
*default*        0x00000000         0xffffffff

Linker script and memory map

LOAD d:/01- embedded systems avr tools-20260212t180018z-1-001/01- embedded systems avr tools/01- imt sdk/imt_sdk_win_64/winavr/bin/../lib/gcc/avr/4.3.3/../../../../avr/lib/avr5/crtm32.o
LOAD ./ADC_program.o
LOAD ./DC_MOTOR.o
LOAD ./DIO_program.o
LOAD ./SWITCH.o
LOAD ./TIMER_program.o
LOAD ./main.o
LOAD d:/01- embedded systems avr tools-20260212t180018z-1-001/01- embedded systems avr tools/01- imt sdk/imt_sdk_win_64/winavr/bin/../lib/gcc/avr/4.3.3/avr5\libgcc.a
LOAD d:/01- embedded systems avr tools-20260212t180018z-1-001/01- embedded systems avr tools/01- imt sdk/imt_sdk_win_64/winavr/bin/../lib/gcc/avr/4.3.3/../../../../avr/lib/avr5\libc.a
LOAD d:/01- embedded systems avr tools-20260212t180018z-1-001/01- embedded systems avr tools/01- imt sdk/imt_sdk_win_64/winavr/bin/../lib/gcc/avr/4.3.3/avr5\libgcc.a

.hash
 *(.hash)

.dynsym
 *(.dynsym)

.dynstr
 *(.dynstr)

.gnu.version
 *(.gnu.version)

.gnu.version_d
 *(.gnu.version_d)

.gnu.version_r
 *(.gnu.version_r)

.rel.init
 *(.rel.init)

.rela.init
 *(.rela.init)

.rel.text
 *(.rel.text)
 *(.rel.text.*)
 *(.rel.gnu.linkonce.t*)

.rela.text
 *(.rela.text)
 *(.rela.text.*)
 *(.rela.gnu.linkonce.t*)

.rel.fini
 *(.rel.fini)

.rela.fini
 *(.rela.fini)

.rel.rodata
 *(.rel.rodata)
 *(.rel.rodata.*)
 *(.rel.gnu.linkonce.r*)

.rela.rodata
 *(.rela.rodata)
 *(.rela.rodata.*)
 *(.rela.gnu.linkonce.r*)

.rel.data
 *(.rel.data)
 *(.rel.data.*)
 *(.rel.gnu.linkonce.d*)

.rela.data
 *(.rela.data)
 *(.rela.data.*)
 *(.rela.gnu.linkonce.d*)

.rel.ctors
 *(.rel.ctors)

.rela.ctors
 *(.rela.ctors)

.rel.dtors
 *(.rel.dtors)

.rela.dtors
 *(.rela.dtors)

.rel.got
 *(.rel.got)

.rela.got
 *(.rela.got)

.rel.bss
 *(.rel.bss)

.rela.bss
 *(.rela.bss)

.rel.plt
 *(.rel.plt)

.rela.plt
 *(.rela.plt)

.text           0x00000000     0x1bd2
 *(.vectors)
 .vectors       0x00000000       0x54 d:/01- embedded systems avr tools-20260212t180018z-1-001/01- embedded systems avr tools/01- imt sdk/imt_sdk_win_64/winavr/bin/../lib/gcc/avr/4.3.3/../../../../avr/lib/avr5/crtm32.o
                0x00000000                __vectors
                0x00000000                __vector_default
 *(.vectors)
 *(.progmem.gcc*)
 *(.progmem*)
                0x00000054                . = ALIGN (0x2)
                0x00000054                __trampolines_start = .
 *(.trampolines)
 .trampolines   0x00000054        0x0 linker stubs
 *(.trampolines*)
                0x00000054                __trampolines_end = .
 *(.jumptables)
 *(.jumptables*)
 *(.lowtext)
 *(.lowtext*)
                0x00000054                __ctors_start = .
 *(.ctors)
                0x00000054                __ctors_end = .
                0x00000054                __dtors_start = .
 *(.dtors)
                0x00000054                __dtors_end = .
 SORT(*)(.ctors)
 SORT(*)(.dtors)
 *(.init0)
 .init0         0x00000054        0x0 d:/01- embedded systems avr tools-20260212t180018z-1-001/01- embedded systems avr tools/01- imt sdk/imt_sdk_win_64/winavr/bin/../lib/gcc/avr/4.3.3/../../../../avr/lib/avr5/crtm32.o
                0x00000054                __init
 *(.init0)
 *(.init1)
 *(.init1)
 *(.init2)
 .init2         0x00000054        0xc d:/01- embedded systems avr tools-20260212t180018z-1-001/01- embedded systems avr tools/01- imt sdk/imt_sdk_win_64/winavr/bin/../lib/gcc/avr/4.3.3/../../../../avr/lib/avr5/crtm32.o
 *(.init2)
 *(.init3)
 *(.init3)
 *(.init4)
 .init4         0x00000060       0x10 d:/01- embedded systems avr tools-20260212t180018z-1-001/01- embedded systems avr tools/01- imt sdk/imt_sdk_win_64/winavr/bin/../lib/gcc/avr/4.3.3/avr5\libgcc.a(_clear_bss.o)
                0x00000060                __do_clear_bss
 *(.init4)
 *(.init5)
 *(.init5)
 *(.init6)
 *(.init6)
 *(.init7)
 *(.init7)
 *(.init8)
 *(.init8)
 *(.init9)
 .init9         0x00000070        0x8 d:/01- embedded systems avr tools-20260212t180018z-1-001/01- embedded systems avr tools/01- imt sdk/imt_sdk_win_64/winavr/bin/../lib/gcc/avr/4.3.3/../../../../avr/lib/avr5/crtm32.o
 *(.init9)
 *(.text)
 .text          0x00000078        0x4 d:/01- embedded systems avr tools-20260212t180018z-1-001/01- embedded systems avr tools/01- imt sdk/imt_sdk_win_64/winavr/bin/../lib/gcc/avr/4.3.3/../../../../avr/lib/avr5/crtm32.o
                0x00000078                __vector_1
                0x00000078                __vector_12
                0x00000078                __bad_interrupt
                0x00000078                __vector_3
                0x00000078                __vector_13
                0x00000078                __vector_17
                0x00000078                __vector_19
                0x00000078                __vector_2
                0x00000078                __vector_15
                0x00000078                __vector_14
                0x00000078                __vector_18
                0x00000078                __vector_20
 .text          0x0000007c        0x0 ./ADC_program.o
 .text          0x0000007c        0x0 ./DC_MOTOR.o
 .text          0x0000007c        0x0 ./DIO_program.o
 .text          0x0000007c        0x0 ./SWITCH.o
 .text          0x0000007c        0x0 ./TIMER_program.o
 .text          0x0000007c        0x0 ./main.o
 .text          0x0000007c        0x0 d:/01- embedded systems avr tools-20260212t180018z-1-001/01- embedded systems avr tools/01- imt sdk/imt_sdk_win_64/winavr/bin/../lib/gcc/avr/4.3.3/avr5\libgcc.a(_exit.o)
 .text          0x0000007c        0x0 d:/01- embedded systems avr tools-20260212t180018z-1-001/01- embedded systems avr tools/01- imt sdk/imt_sdk_win_64/winavr/bin/../lib/gcc/avr/4.3.3/avr5\libgcc.a(_clear_bss.o)
                0x0000007c                . = ALIGN (0x2)
 *(.text.*)
 .text.ADC_voidInit
                0x0000007c       0x70 ./ADC_program.o
                0x0000007c                ADC_voidInit
 .text.ADC_voidEnable
                0x000000ec       0x1c ./ADC_program.o
                0x000000ec                ADC_voidEnable
 .text.ADC_voidDisable
                0x00000108       0x1c ./ADC_program.o
                0x00000108                ADC_voidDisable
 .text.ADC_voidInterruptEnable
                0x00000124       0x1c ./ADC_program.o
                0x00000124                ADC_voidInterruptEnable
 .text.ADC_voidInterruptDisable
                0x00000140       0x1c ./ADC_program.o
                0x00000140                ADC_voidInterruptDisable
 .text.ADC_u8SetPrescaler
                0x0000015c       0x44 ./ADC_program.o
                0x0000015c                ADC_u8SetPrescaler
 .text.ADC_u8SetTriggerSource
                0x000001a0       0x5a ./ADC_program.o
                0x000001a0                ADC_u8SetTriggerSource
 .text.ADC_u8EnableAutoTrigger
                0x000001fa       0x1e ./ADC_program.o
                0x000001fa                ADC_u8EnableAutoTrigger
 .text.ADC_u8DisableAutoTrigger
                0x00000218       0x1e ./ADC_program.o
                0x00000218                ADC_u8DisableAutoTrigger
 .text.ADC_u8GetResultSync
                0x00000236       0xf6 ./ADC_program.o
                0x00000236                ADC_u8GetResultSync
 .text.ADC_u8StartConversionAsynch
                0x0000032c       0xae ./ADC_program.o
                0x0000032c                ADC_u8StartConversionAsynch
 .text.ADC_u8StartChainAsynch
                0x000003da      0x104 ./ADC_program.o
                0x000003da                ADC_u8StartChainAsynch
 .text.ADC_u8StartFreeRunningAsynch
                0x000004de       0xde ./ADC_program.o
                0x000004de                ADC_u8StartFreeRunningAsynch
 .text.ADC_u8StopFreeRunning
                0x000005bc       0x44 ./ADC_program.o
                0x000005bc                ADC_u8StopFreeRunning
 .text.__vector_16
                0x00000600      0x18c ./ADC_program.o
                0x00000600                __vector_16
 .text.DC_MOTOR_Init
                0x0000078c       0x4e ./DC_MOTOR.o
                0x0000078c                DC_MOTOR_Init
 .text.DC_MOTOR_ON_CW
                0x000007da       0x36 ./DC_MOTOR.o
                0x000007da                DC_MOTOR_ON_CW
 .text.DC_MOTOR_ON_CCW
                0x00000810       0x36 ./DC_MOTOR.o
                0x00000810                DC_MOTOR_ON_CCW
 .text.DC_MOTOR_OFF
                0x00000846       0x36 ./DC_MOTOR.o
                0x00000846                DC_MOTOR_OFF
 .text.DIO_SetPinDirection
                0x0000087c      0x25e ./DIO_program.o
                0x0000087c                DIO_SetPinDirection
 .text.DIO_SetPinValue
                0x00000ada      0x266 ./DIO_program.o
                0x00000ada                DIO_SetPinValue
 .text.DIO_GetPinValue
                0x00000d40      0x142 ./DIO_program.o
                0x00000d40                DIO_GetPinValue
 .text.DIO_SetPin_PullUp
                0x00000e82      0x220 ./DIO_program.o
                0x00000e82                DIO_SetPin_PullUp
 .text.DIO_SetPortDirection
                0x000010a2       0xa6 ./DIO_program.o
                0x000010a2                DIO_SetPortDirection
 .text.DIO_SetPortValue
                0x00001148       0xa6 ./DIO_program.o
                0x00001148                DIO_SetPortValue
 .text.DIO_GetPortValue
                0x000011ee       0xc6 ./DIO_program.o
                0x000011ee                DIO_GetPortValue
 .text.SW_Init  0x000012b4       0x3c ./SWITCH.o
                0x000012b4                SW_Init
 .text.SW_Getpressed
                0x000012f0       0xba ./SWITCH.o
                0x000012f0                SW_Getpressed
 .text.TIMER0_voidInit
                0x000013aa       0x5a ./TIMER_program.o
                0x000013aa                TIMER0_voidInit
 .text.TIMER1_voidInit
                0x00001404      0x100 ./TIMER_program.o
                0x00001404                TIMER1_voidInit
 .text.TIMER2_voidInit
                0x00001504       0x5c ./TIMER_program.o
                0x00001504                TIMER2_voidInit
 .text.TIMER0_voidSetPreload
                0x00001560       0x1c ./TIMER_program.o
                0x00001560                TIMER0_voidSetPreload
 .text.TIMER1_voidSetPreload
                0x0000157c       0x24 ./TIMER_program.o
                0x0000157c                TIMER1_voidSetPreload
 .text.TIMER2_voidSetPreload
                0x000015a0       0x1c ./TIMER_program.o
                0x000015a0                TIMER2_voidSetPreload
 .text.TIMER0_voidSetCTC
                0x000015bc       0x1c ./TIMER_program.o
                0x000015bc                TIMER0_voidSetCTC
 .text.TIMER1_voidSetCTCA
                0x000015d8       0x24 ./TIMER_program.o
                0x000015d8                TIMER1_voidSetCTCA
 .text.TIMER1_voidSetCTCB
                0x000015fc       0x24 ./TIMER_program.o
                0x000015fc                TIMER1_voidSetCTCB
 .text.TIMER2_voidSetCTC
                0x00001620       0x1c ./TIMER_program.o
                0x00001620                TIMER2_voidSetCTC
 .text.TIMER1_voidSetICR1
                0x0000163c       0x24 ./TIMER_program.o
                0x0000163c                TIMER1_voidSetICR1
 .text.TIMER0_u8GetTimerCounterValue
                0x00001660       0x14 ./TIMER_program.o
                0x00001660                TIMER0_u8GetTimerCounterValue
 .text.TIMER1_u16GetTimerCounterValue
                0x00001674       0x16 ./TIMER_program.o
                0x00001674                TIMER1_u16GetTimerCounterValue
 .text.TIMER2_u8GetTimerCounterValue
                0x0000168a       0x14 ./TIMER_program.o
                0x0000168a                TIMER2_u8GetTimerCounterValue
 .text.TIMER_voidSetPWM
                0x0000169e       0x24 ./TIMER_program.o
                0x0000169e                TIMER_voidSetPWM
 .text.TIMER_voidICUInitEnable
                0x000016c2       0x2a ./TIMER_program.o
                0x000016c2                TIMER_voidICUInitEnable
 .text.TIMER_voidICUSetTriggerEdge
                0x000016ec       0x4a ./TIMER_program.o
                0x000016ec                TIMER_voidICUSetTriggerEdge
 .text.TIMER_voidICUEnableInterrupt
                0x00001736       0x1c ./TIMER_program.o
                0x00001736                TIMER_voidICUEnableInterrupt
 .text.TIMER_voidICUDisableInterrupt
                0x00001752       0x1c ./TIMER_program.o
                0x00001752                TIMER_voidICUDisableInterrupt
 .text.TIMER_u16GetICR
                0x0000176e       0x16 ./TIMER_program.o
                0x0000176e                TIMER_u16GetICR
 .text.TIMER_voidWDTSleep
                0x00001784       0x2a ./TIMER_program.o
                0x00001784                TIMER_voidWDTSleep
 .text.TIMER_voidWDTEnable
                0x000017ae       0x1c ./TIMER_program.o
                0x000017ae                TIMER_voidWDTEnable
 .text.TIMER_voidWDTDisable
                0x000017ca       0x22 ./TIMER_program.o
                0x000017ca                TIMER_voidWDTDisable
 .text.TIMER_u8SetCallBack
                0x000017ec       0x4a ./TIMER_program.o
                0x000017ec                TIMER_u8SetCallBack
 .text.__vector_11
                0x00001836       0x66 ./TIMER_program.o
                0x00001836                __vector_11
 .text.__vector_10
                0x0000189c       0x66 ./TIMER_program.o
                0x0000189c                __vector_10
 .text.__vector_9
                0x00001902       0x66 ./TIMER_program.o
                0x00001902                __vector_9
 .text.__vector_8
                0x00001968       0x66 ./TIMER_program.o
                0x00001968                __vector_8
 .text.__vector_7
                0x000019ce       0x66 ./TIMER_program.o
                0x000019ce                __vector_7
 .text.__vector_6
                0x00001a34       0x66 ./TIMER_program.o
                0x00001a34                __vector_6
 .text.__vector_5
                0x00001a9a       0x66 ./TIMER_program.o
                0x00001a9a                __vector_5
 .text.__vector_4
                0x00001b00       0x66 ./TIMER_program.o
                0x00001b00                __vector_4
 .text.getFrequency
                0x00001b66       0x3a ./main.o
                0x00001b66                getFrequency
 .text.main     0x00001ba0       0x2e ./main.o
                0x00001ba0                main
 .text.libgcc   0x00001bce        0x0 d:/01- embedded systems avr tools-20260212t180018z-1-001/01- embedded systems avr tools/01- imt sdk/imt_sdk_win_64/winavr/bin/../lib/gcc/avr/4.3.3/avr5\libgcc.a(_exit.o)
 .text.libgcc   0x00001bce        0x0 d:/01- embedded systems avr tools-20260212t180018z-1-001/01- embedded systems avr tools/01- imt sdk/imt_sdk_win_64/winavr/bin/../lib/gcc/avr/4.3.3/avr5\libgcc.a(_clear_bss.o)
                0x00001bce                . = ALIGN (0x2)
 *(.fini9)
 .fini9         0x00001bce        0x0 d:/01- embedded systems avr tools-20260212t180018z-1-001/01- embedded systems avr tools/01- imt sdk/imt_sdk_win_64/winavr/bin/../lib/gcc/avr/4.3.3/avr5\libgcc.a(_exit.o)
                0x00001bce                exit
                0x00001bce                _exit
 *(.fini9)
 *(.fini8)
 *(.fini8)
 *(.fini7)
 *(.fini7)
 *(.fini6)
 *(.fini6)
 *(.fini5)
 *(.fini5)
 *(.fini4)
 *(.fini4)
 *(.fini3)
 *(.fini3)
 *(.fini2)
 *(.fini2)
 *(.fini1)
 *(.fini1)
 *(.fini0)
 .fini0         0x00001bce        0x4 d:/01- embedded systems avr tools-20260212t180018z-1-001/01- embedded systems avr tools/01- imt sdk/imt_sdk_win_64/winavr/bin/../lib/gcc/avr/4.3.3/avr5\libgcc.a(_exit.o)
 *(.fini0)
                0x00001bd2                _etext = .

.data           0x00800060        0x0 load address 0x00001bd2
                0x00800060                PROVIDE (__data_start, .)
 *(.data)
 .data          0x00800060        0x0 d:/01- embedded systems avr tools-20260212t180018z-1-001/01- embedded systems avr tools/01- imt sdk/imt_sdk_win_64/winavr/bin/../lib/gcc/avr/4.3.3/../../../../avr/lib/avr5/crtm32.o
 .data          0x00800060        0x0 ./ADC_program.o
 .data          0x00800060        0x0 ./DC_MOTOR.o
 .data          0x00800060        0x0 ./DIO_program.o
 .data          0x00800060        0x0 ./SWITCH.o
 .data          0x00800060        0x0 ./TIMER_program.o
 .data          0x00800060        0x0 ./main.o
 .data          0x00800060        0x0 d:/01- embedded systems avr tools-20260212t180018z-1-001/01- embedded systems avr tools/01- imt sdk/imt_sdk_win_64/winavr/bin/../lib/gcc/avr/4.3.3/avr5\libgcc.a(_exit.o)
 .data          0x00800060        0x0 d:/01- embedded systems avr tools-20260212t180018z-1-001/01- embedded systems avr tools/01- imt sdk/imt_sdk_win_64/winavr/bin/../lib/gcc/avr/4.3.3/avr5\libgcc.a(_clear_bss.o)
 *(.data*)
 *(.rodata)
 *(.rodata*)
 *(.gnu.linkonce.d*)
                0x00800060                . = ALIGN (0x2)
                0x00800060                _edata = .
                0x00800060                PROVIDE (__data_end, .)

.bss            0x00800060       0x2f
                0x00800060                PROVIDE (__bss_start, .)
 *(.bss)
 .bss           0x00800060        0x0 d:/01- embedded systems avr tools-20260212t180018z-1-001/01- embedded systems avr tools/01- imt sdk/imt_sdk_win_64/winavr/bin/../lib/gcc/avr/4.3.3/../../../../avr/lib/avr5/crtm32.o
 .bss           0x00800060        0x0 ./ADC_program.o
 .bss           0x00800060        0x0 ./DC_MOTOR.o
 .bss           0x00800060        0x0 ./DIO_program.o
 .bss           0x00800060        0x0 ./SWITCH.o
 .bss           0x00800060        0x0 ./TIMER_program.o
 .bss           0x00800060        0x0 ./main.o
 .bss           0x00800060        0x0 d:/01- embedded systems avr tools-20260212t180018z-1-001/01- embedded systems avr tools/01- imt sdk/imt_sdk_win_64/winavr/bin/../lib/gcc/avr/4.3.3/avr5\libgcc.a(_exit.o)
 .bss           0x00800060        0x0 d:/01- embedded systems avr tools-20260212t180018z-1-001/01- embedded systems avr tools/01- imt sdk/imt_sdk_win_64/winavr/bin/../lib/gcc/avr/4.3.3/avr5\libgcc.a(_clear_bss.o)
 *(.bss*)
 .bss.ADC_pu16AsynchConversionResult
                0x00800060        0x2 ./ADC_program.o
 .bss.ADC_pvNotificationFunc
                0x00800062        0x2 ./ADC_program.o
 .bss.ADC_u8State
                0x00800064        0x1 ./ADC_program.o
 .bss.ADC_u8ISRState
                0x00800065        0x1 ./ADC_program.o
 .bss.ADC_pu8ChainChannel
                0x00800066        0x2 ./ADC_program.o
 .bss.ADC_u8ChainSize
                0x00800068        0x1 ./ADC_program.o
 .bss.ADC_u8Index
                0x00800069        0x1 ./ADC_program.o
 .bss.TIMERS_pvCallBackFunc
                0x0080006a       0x20 ./TIMER_program.o
 .bss.edge      0x0080008a        0x1 ./main.o
                0x0080008a                edge
 *(COMMON)
 COMMON         0x0080008b        0x4 ./main.o
                0x0080008b                rising_edge2
                0x0080008d                rising_edge1
                0x0080008f                PROVIDE (__bss_end, .)
                0x00001bd2                __data_load_start = LOADADDR (.data)
                0x00001bd2                __data_load_end = (__data_load_start + SIZEOF (.data))

.noinit         0x0080008f        0x0
                0x0080008f                PROVIDE (__noinit_start, .)
 *(.noinit*)
                0x0080008f                PROVIDE (__noinit_end, .)
                0x0080008f                _end = .
                0x0080008f                PROVIDE (__heap_start, .)

.eeprom         0x00810000        0x0
 *(.eeprom*)
                0x00810000                __eeprom_end = .

.fuse
 *(.fuse)
 *(.lfuse)
 *(.hfuse)
 *(.efuse)

.lock
 *(.lock*)

.signature
 *(.signature*)

.stab           0x00000000     0x26f4
 *(.stab)
 .stab          0x00000000      0xb28 ./ADC_program.o
 .stab          0x00000b28      0x240 ./DC_MOTOR.o
                                0x2e8 (size before relaxing)
 .stab          0x00000d68      0x8ac ./DIO_program.o
                                0x954 (size before relaxing)
 .stab          0x00001614      0x258 ./SWITCH.o
                                0x300 (size before relaxing)
 .stab          0x0000186c      0xa08 ./TIMER_program.o
                                0xab0 (size before relaxing)
 .stab          0x00002274      0x480 ./main.o
                                0x4a4 (size before relaxing)

.stabstr        0x00000000     0x18ee
 *(.stabstr)
 .stabstr       0x00000000     0x18ee ./ADC_program.o

.stab.excl
 *(.stab.excl)

.stab.exclstr
 *(.stab.exclstr)

.stab.index
 *(.stab.index)

.stab.indexstr
 *(.stab.indexstr)

.comment
 *(.comment)

.debug
 *(.debug)

.line
 *(.line)

.debug_srcinfo
 *(.debug_srcinfo)

.debug_sfnames
 *(.debug_sfnames)

.debug_aranges
 *(.debug_aranges)

.debug_pubnames
 *(.debug_pubnames)

.debug_info
 *(.debug_info)
 *(.gnu.linkonce.wi.*)

.debug_abbrev
 *(.debug_abbrev)

.debug_line
 *(.debug_line)

.debug_frame
 *(.debug_frame)

.debug_str
 *(.debug_str)

.debug_loc
 *(.debug_loc)

.debug_macinfo
 *(.debug_macinfo)
OUTPUT(DC_MOTOR_test.elf elf32-avr)
LOAD linker stubs
