10:47:01 **** Clean-only build of configuration Debug for project DC_MOTOR_test ****
make clean 
Cannot run program "make": Launching failed

Error: Program "make" not found in PATH
PATH=[D:/01- Embedded Systems AVR Tools-20260212T180018Z-1-001/01- Embedded Systems AVR Tools/01- IMT SDK/IMT_SDK_Win_64/jre/bin/server;D:/01- Embedded Systems AVR Tools-20260212T180018Z-1-001/01- Embedded Systems AVR Tools/01- IMT SDK/IMT_SDK_Win_64/jre/bin;D:/01- Embedded Systems AVR Tools-20260212T180018Z-1-001/01- Embedded Systems AVR Tools/01- IMT SDK/IMT_SDK_Win_64/jre/lib/amd64;C:\Program Files (x86)\Common Files\Oracle\Java\java8path;C:\Program Files (x86)\Common Files\Oracle\Java\javapath;C:\Program Files (x86)\SIEMENS\S7-PCT\bin;C:\Program Files (x86)\Common Files\Siemens\Sqlany;C:\Program Files (x86)\Siemens\Step7\S7bin;C:\Program Files\Common Files\Siemens\Automation\Simatic OAM\bin;C:\Program Files\Python311\Scripts\;C:\Program Files\Python311\;C:\Windows\system32;C:\Windows;C:\Windows\System32\Wbem;C:\Windows\System32\WindowsPowerShell\v1.0\;C:\Windows\System32\OpenSSH\;C:\Program Files (x86)\NVIDIA Corporation\PhysX\Common;C:\MinGW\bin;C:\Program Files\Microsoft SQL Server\Client SDK\ODBC\170\Tools\Binn\;C:\Program Files (x86)\Microsoft SQL Server\150\Tools\Binn\;C:\Program Files\Microsoft SQL Server\150\Tools\Binn\;C:\Program Files\Microsoft SQL Server\150\DTS\Binn\;C:\Program Files (x86)\Windows Kits\8.1\Windows Performance Toolkit\;C:\mingw64\bin;C:\MinGW\mingw32\bin;C:\Program Files\MATLAB\R2024b\bin;C:\Windows\system32;C:\Windows;C:\Windows\System32\Wbem;C:\Windows\System32\WindowsPowerShell\v1.0\;C:\Windows\System32\OpenSSH\;C:\Program Files\NVIDIA Corporation\NVIDIA app\NvDLISR;C:\Program Files\dotnet\;C:\Program Files\PKWARE\pkzipc;C:\Program Files (x86)\STMicroelectronics\STM32 ST-LINK Utility\ST-LINK Utility;C:\Program Files\Git\cmd;C:\Program Files\MATLAB\R2024a\runtime\win64;C:\Program Files\MATLAB\R2024a\bin;C:\Users\khale\AppData\Local\Programs\Python\Python312\Scripts\;C:\Users\khale\AppData\Local\Programs\Python\Python312\;C:\Users\khale\AppData\Local\Programs\Python\Launcher\;C:\Users\khale\AppData\Local\Microsoft\WindowsApps;D:\01- Embedded Systems AVR Tools-20260212T180018Z-1-001\01- Embedded Systems AVR Tools\01- IMT SDK\IMT_SDK_Win_64]
10:47:02 **** Build of configuration Debug for project DC_MOTOR_test ****
make all 
Cannot run program "make": Launching failed

Error: Program "make" not found in PATH
PATH=[D:/01- Embedded Systems AVR Tools-20260212T180018Z-1-001/01- Embedded Systems AVR Tools/01- IMT SDK/IMT_SDK_Win_64/jre/bin/server;D:/01- Embedded Systems AVR Tools-20260212T180018Z-1-001/01- Embedded Systems AVR Tools/01- IMT SDK/IMT_SDK_Win_64/jre/bin;D:/01- Embedded Systems AVR Tools-20260212T180018Z-1-001/01- Embedded Systems AVR Tools/01- IMT SDK/IMT_SDK_Win_64/jre/lib/amd64;C:\Program Files (x86)\Common Files\Oracle\Java\java8path;C:\Program Files (x86)\Common Files\Oracle\Java\javapath;C:\Program Files (x86)\SIEMENS\S7-PCT\bin;C:\Program Files (x86)\Common Files\Siemens\Sqlany;C:\Program Files (x86)\Siemens\Step7\S7bin;C:\Program Files\Common Files\Siemens\Automation\Simatic OAM\bin;C:\Program Files\Python311\Scripts\;C:\Program Files\Python311\;C:\Windows\system32;C:\Windows;C:\Windows\System32\Wbem;C:\Windows\System32\WindowsPowerShell\v1.0\;C:\Windows\System32\OpenSSH\;C:\Program Files (x86)\NVIDIA Corporation\PhysX\Common;C:\MinGW\bin;C:\Program Files\Microsoft SQL Server\Client SDK\ODBC\170\Tools\Binn\;C:\Program Files (x86)\Microsoft SQL Server\150\Tools\Binn\;C:\Program Files\Microsoft SQL Server\150\Tools\Binn\;C:\Program Files\Microsoft SQL Server\150\DTS\Binn\;C:\Program Files (x86)\Windows Kits\8.1\Windows Performance Toolkit\;C:\mingw64\bin;C:\MinGW\mingw32\bin;C:\Program Files\MATLAB\R2024b\bin;C:\Windows\system32;C:\Windows;C:\Windows\System32\Wbem;C:\Windows\System32\WindowsPowerShell\v1.0\;C:\Windows\System32\OpenSSH\;C:\Program Files\NVIDIA Corporation\NVIDIA app\NvDLISR;C:\Program Files\dotnet\;C:\Program Files\PKWARE\pkzipc;C:\Program Files (x86)\STMicroelectronics\STM32 ST-LINK Utility\ST-LINK Utility;C:\Program Files\Git\cmd;C:\Program Files\MATLAB\R2024a\runtime\win64;C:\Program Files\MATLAB\R2024a\bin;C:\Users\khale\AppData\Local\Programs\Python\Python312\Scripts\;C:\Users\khale\AppData\Local\Programs\Python\Python312\;C:\Users\khale\AppData\Local\Programs\Python\Launcher\;C:\Users\khale\AppData\Local\Microsoft\WindowsApps;D:\01- Embedded Systems AVR Tools-20260212T180018Z-1-001\01- Embedded Systems AVR Tools\01- IMT SDK\IMT_SDK_Win_64]
10:47:02 **** Clean-only build of configuration Debug for project DIO_test ****
make clean 
Cannot run program "make": Launching failed

Error: Program "make" not found in PATH
PATH=[D:/01- Embedded Systems AVR Tools-20260212T180018Z-1-001/01- Embedded Systems AVR Tools/01- IMT SDK/IMT_SDK_Win_64/jre/bin/server;D:/01- Embedded Systems AVR Tools-20260212T180018Z-1-001/01- Embedded Systems AVR Tools/01- IMT SDK/IMT_SDK_Win_64/jre/bin;D:/01- Embedded Systems AVR Tools-20260212T180018Z-1-001/01- Embedded Systems AVR Tools/01- IMT SDK/IMT_SDK_Win_64/jre/lib/amd64;C:\Program Files (x86)\Common Files\Oracle\Java\java8path;C:\Program Files (x86)\Common Files\Oracle\Java\javapath;C:\Program Files (x86)\SIEMENS\S7-PCT\bin;C:\Program Files (x86)\Common Files\Siemens\Sqlany;C:\Program Files (x86)\Siemens\Step7\S7bin;C:\Program Files\Common Files\Siemens\Automation\Simatic OAM\bin;C:\Program Files\Python311\Scripts\;C:\Program Files\Python311\;C:\Windows\system32;C:\Windows;C:\Windows\System32\Wbem;C:\Windows\System32\WindowsPowerShell\v1.0\;C:\Windows\System32\OpenSSH\;C:\Program Files (x86)\NVIDIA Corporation\PhysX\Common;C:\MinGW\bin;C:\Program Files\Microsoft SQL Server\Client SDK\ODBC\170\Tools\Binn\;C:\Program Files (x86)\Microsoft SQL Server\150\Tools\Binn\;C:\Program Files\Microsoft SQL Server\150\Tools\Binn\;C:\Program Files\Microsoft SQL Server\150\DTS\Binn\;C:\Program Files (x86)\Windows Kits\8.1\Windows Performance Toolkit\;C:\mingw64\bin;C:\MinGW\mingw32\bin;C:\Program Files\MATLAB\R2024b\bin;C:\Windows\system32;C:\Windows;C:\Windows\System32\Wbem;C:\Windows\System32\WindowsPowerShell\v1.0\;C:\Windows\System32\OpenSSH\;C:\Program Files\NVIDIA Corporation\NVIDIA app\NvDLISR;C:\Program Files\dotnet\;C:\Program Files\PKWARE\pkzipc;C:\Program Files (x86)\STMicroelectronics\STM32 ST-LINK Utility\ST-LINK Utility;C:\Program Files\Git\cmd;C:\Program Files\MATLAB\R2024a\runtime\win64;C:\Program Files\MATLAB\R2024a\bin;C:\Users\khale\AppData\Local\Programs\Python\Python312\Scripts\;C:\Users\khale\AppData\Local\Programs\Python\Python312\;C:\Users\khale\AppData\Local\Programs\Python\Launcher\;C:\Users\khale\AppData\Local\Microsoft\WindowsApps;D:\01- Embedded Systems AVR Tools-20260212T180018Z-1-001\01- Embedded Systems AVR Tools\01- IMT SDK\IMT_SDK_Win_64]
10:47:03 **** Build of configuration Debug for project DIO_test ****
make all 
Cannot run program "make": Launching failed

Error: Program "make" not found in PATH
PATH=[D:/01- Embedded Systems AVR Tools-20260212T180018Z-1-001/01- Embedded Systems AVR Tools/01- IMT SDK/IMT_SDK_Win_64/jre/bin/server;D:/01- Embedded Systems AVR Tools-20260212T180018Z-1-001/01- Embedded Systems AVR Tools/01- IMT SDK/IMT_SDK_Win_64/jre/bin;D:/01- Embedded Systems AVR Tools-20260212T180018Z-1-001/01- Embedded Systems AVR Tools/01- IMT SDK/IMT_SDK_Win_64/jre/lib/amd64;C:\Program Files (x86)\Common Files\Oracle\Java\java8path;C:\Program Files (x86)\Common Files\Oracle\Java\javapath;C:\Program Files (x86)\SIEMENS\S7-PCT\bin;C:\Program Files (x86)\Common Files\Siemens\Sqlany;C:\Program Files (x86)\Siemens\Step7\S7bin;C:\Program Files\Common Files\Siemens\Automation\Simatic OAM\bin;C:\Program Files\Python311\Scripts\;C:\Program Files\Python311\;C:\Windows\system32;C:\Windows;C:\Windows\System32\Wbem;C:\Windows\System32\WindowsPowerShell\v1.0\;C:\Windows\System32\OpenSSH\;C:\Program Files (x86)\NVIDIA Corporation\PhysX\Common;C:\MinGW\bin;C:\Program Files\Microsoft SQL Server\Client SDK\ODBC\170\Tools\Binn\;C:\Program Files (x86)\Microsoft SQL Server\150\Tools\Binn\;C:\Program Files\Microsoft SQL Server\150\Tools\Binn\;C:\Program Files\Microsoft SQL Server\150\DTS\Binn\;C:\Program Files (x86)\Windows Kits\8.1\Windows Performance Toolkit\;C:\mingw64\bin;C:\MinGW\mingw32\bin;C:\Program Files\MATLAB\R2024b\bin;C:\Windows\system32;C:\Windows;C:\Windows\System32\Wbem;C:\Windows\System32\WindowsPowerShell\v1.0\;C:\Windows\System32\OpenSSH\;C:\Program Files\NVIDIA Corporation\NVIDIA app\NvDLISR;C:\Program Files\dotnet\;C:\Program Files\PKWARE\pkzipc;C:\Program Files (x86)\STMicroelectronics\STM32 ST-LINK Utility\ST-LINK Utility;C:\Program Files\Git\cmd;C:\Program Files\MATLAB\R2024a\runtime\win64;C:\Program Files\MATLAB\R2024a\bin;C:\Users\khale\AppData\Local\Programs\Python\Python312\Scripts\;C:\Users\khale\AppData\Local\Programs\Python\Python312\;C:\Users\khale\AppData\Local\Programs\Python\Launcher\;C:\Users\khale\AppData\Local\Microsoft\WindowsApps;D:\01- Embedded Systems AVR Tools-20260212T180018Z-1-001\01- Embedded Systems AVR Tools\01- IMT SDK\IMT_SDK_Win_64]
10:47:03 **** Clean-only build of configuration Debug for project KEYPAD_test ****
make clean 
Cannot run program "make": Launching failed

Error: Program "make" not found in PATH
PATH=[D:/01- Embedded Systems AVR Tools-20260212T180018Z-1-001/01- Embedded Systems AVR Tools/01- IMT SDK/IMT_SDK_Win_64/jre/bin/server;D:/01- Embedded Systems AVR Tools-20260212T180018Z-1-001/01- Embedded Systems AVR Tools/01- IMT SDK/IMT_SDK_Win_64/jre/bin;D:/01- Embedded Systems AVR Tools-20260212T180018Z-1-001/01- Embedded Systems AVR Tools/01- IMT SDK/IMT_SDK_Win_64/jre/lib/amd64;C:\Program Files (x86)\Common Files\Oracle\Java\java8path;C:\Program Files (x86)\Common Files\Oracle\Java\javapath;C:\Program Files (x86)\SIEMENS\S7-PCT\bin;C:\Program Files (x86)\Common Files\Siemens\Sqlany;C:\Program Files (x86)\Siemens\Step7\S7bin;C:\Program Files\Common Files\Siemens\Automation\Simatic OAM\bin;C:\Program Files\Python311\Scripts\;C:\Program Files\Python311\;C:\Windows\system32;C:\Windows;C:\Windows\System32\Wbem;C:\Windows\System32\WindowsPowerShell\v1.0\;C:\Windows\System32\OpenSSH\;C:\Program Files (x86)\NVIDIA Corporation\PhysX\Common;C:\MinGW\bin;C:\Program Files\Microsoft SQL Server\Client SDK\ODBC\170\Tools\Binn\;C:\Program Files (x86)\Microsoft SQL Server\150\Tools\Binn\;C:\Program Files\Microsoft SQL Server\150\Tools\Binn\;C:\Program Files\Microsoft SQL Server\150\DTS\Binn\;C:\Program Files (x86)\Windows Kits\8.1\Windows Performance Toolkit\;C:\mingw64\bin;C:\MinGW\mingw32\bin;C:\Program Files\MATLAB\R2024b\bin;C:\Windows\system32;C:\Windows;C:\Windows\System32\Wbem;C:\Windows\System32\WindowsPowerShell\v1.0\;C:\Windows\System32\OpenSSH\;C:\Program Files\NVIDIA Corporation\NVIDIA app\NvDLISR;C:\Program Files\dotnet\;C:\Program Files\PKWARE\pkzipc;C:\Program Files (x86)\STMicroelectronics\STM32 ST-LINK Utility\ST-LINK Utility;C:\Program Files\Git\cmd;C:\Program Files\MATLAB\R2024a\runtime\win64;C:\Program Files\MATLAB\R2024a\bin;C:\Users\khale\AppData\Local\Programs\Python\Python312\Scripts\;C:\Users\khale\AppData\Local\Programs\Python\Python312\;C:\Users\khale\AppData\Local\Programs\Python\Launcher\;C:\Users\khale\AppData\Local\Microsoft\WindowsApps;D:\01- Embedded Systems AVR Tools-20260212T180018Z-1-001\01- Embedded Systems AVR Tools\01- IMT SDK\IMT_SDK_Win_64]
10:47:03 **** Build of configuration Debug for project KEYPAD_test ****
make all 
Cannot run program "make": Launching failed

Error: Program "make" not found in PATH
PATH=[D:/01- Embedded Systems AVR Tools-20260212T180018Z-1-001/01- Embedded Systems AVR Tools/01- IMT SDK/IMT_SDK_Win_64/jre/bin/server;D:/01- Embedded Systems AVR Tools-20260212T180018Z-1-001/01- Embedded Systems AVR Tools/01- IMT SDK/IMT_SDK_Win_64/jre/bin;D:/01- Embedded Systems AVR Tools-20260212T180018Z-1-001/01- Embedded Systems AVR Tools/01- IMT SDK/IMT_SDK_Win_64/jre/lib/amd64;C:\Program Files (x86)\Common Files\Oracle\Java\java8path;C:\Program Files (x86)\Common Files\Oracle\Java\javapath;C:\Program Files (x86)\SIEMENS\S7-PCT\bin;C:\Program Files (x86)\Common Files\Siemens\Sqlany;C:\Program Files (x86)\Siemens\Step7\S7bin;C:\Program Files\Common Files\Siemens\Automation\Simatic OAM\bin;C:\Program Files\Python311\Scripts\;C:\Program Files\Python311\;C:\Windows\system32;C:\Windows;C:\Windows\System32\Wbem;C:\Windows\System32\WindowsPowerShell\v1.0\;C:\Windows\System32\OpenSSH\;C:\Program Files (x86)\NVIDIA Corporation\PhysX\Common;C:\MinGW\bin;C:\Program Files\Microsoft SQL Server\Client SDK\ODBC\170\Tools\Binn\;C:\Program Files (x86)\Microsoft SQL Server\150\Tools\Binn\;C:\Program Files\Microsoft SQL Server\150\Tools\Binn\;C:\Program Files\Microsoft SQL Server\150\DTS\Binn\;C:\Program Files (x86)\Windows Kits\8.1\Windows Performance Toolkit\;C:\mingw64\bin;C:\MinGW\mingw32\bin;C:\Program Files\MATLAB\R2024b\bin;C:\Windows\system32;C:\Windows;C:\Windows\System32\Wbem;C:\Windows\System32\WindowsPowerShell\v1.0\;C:\Windows\System32\OpenSSH\;C:\Program Files\NVIDIA Corporation\NVIDIA app\NvDLISR;C:\Program Files\dotnet\;C:\Program Files\PKWARE\pkzipc;C:\Program Files (x86)\STMicroelectronics\STM32 ST-LINK Utility\ST-LINK Utility;C:\Program Files\Git\cmd;C:\Program Files\MATLAB\R2024a\runtime\win64;C:\Program Files\MATLAB\R2024a\bin;C:\Users\khale\AppData\Local\Programs\Python\Python312\Scripts\;C:\Users\khale\AppData\Local\Programs\Python\Python312\;C:\Users\khale\AppData\Local\Programs\Python\Launcher\;C:\Users\khale\AppData\Local\Microsoft\WindowsApps;D:\01- Embedded Systems AVR Tools-20260212T180018Z-1-001\01- Embedded Systems AVR Tools\01- IMT SDK\IMT_SDK_Win_64]
10:47:04 **** Clean-only build of configuration Debug for project LCD_test ****
make clean 
Cannot run program "make": Launching failed

Error: Program "make" not found in PATH
PATH=[D:/01- Embedded Systems AVR Tools-20260212T180018Z-1-001/01- Embedded Systems AVR Tools/01- IMT SDK/IMT_SDK_Win_64/jre/bin/server;D:/01- Embedded Systems AVR Tools-20260212T180018Z-1-001/01- Embedded Systems AVR Tools/01- IMT SDK/IMT_SDK_Win_64/jre/bin;D:/01- Embedded Systems AVR Tools-20260212T180018Z-1-001/01- Embedded Systems AVR Tools/01- IMT SDK/IMT_SDK_Win_64/jre/lib/amd64;C:\Program Files (x86)\Common Files\Oracle\Java\java8path;C:\Program Files (x86)\Common Files\Oracle\Java\javapath;C:\Program Files (x86)\SIEMENS\S7-PCT\bin;C:\Program Files (x86)\Common Files\Siemens\Sqlany;C:\Program Files (x86)\Siemens\Step7\S7bin;C:\Program Files\Common Files\Siemens\Automation\Simatic OAM\bin;C:\Program Files\Python311\Scripts\;C:\Program Files\Python311\;C:\Windows\system32;C:\Windows;C:\Windows\System32\Wbem;C:\Windows\System32\WindowsPowerShell\v1.0\;C:\Windows\System32\OpenSSH\;C:\Program Files (x86)\NVIDIA Corporation\PhysX\Common;C:\MinGW\bin;C:\Program Files\Microsoft SQL Server\Client SDK\ODBC\170\Tools\Binn\;C:\Program Files (x86)\Microsoft SQL Server\150\Tools\Binn\;C:\Program Files\Microsoft SQL Server\150\Tools\Binn\;C:\Program Files\Microsoft SQL Server\150\DTS\Binn\;C:\Program Files (x86)\Windows Kits\8.1\Windows Performance Toolkit\;C:\mingw64\bin;C:\MinGW\mingw32\bin;C:\Program Files\MATLAB\R2024b\bin;C:\Windows\system32;C:\Windows;C:\Windows\System32\Wbem;C:\Windows\System32\WindowsPowerShell\v1.0\;C:\Windows\System32\OpenSSH\;C:\Program Files\NVIDIA Corporation\NVIDIA app\NvDLISR;C:\Program Files\dotnet\;C:\Program Files\PKWARE\pkzipc;C:\Program Files (x86)\STMicroelectronics\STM32 ST-LINK Utility\ST-LINK Utility;C:\Program Files\Git\cmd;C:\Program Files\MATLAB\R2024a\runtime\win64;C:\Program Files\MATLAB\R2024a\bin;C:\Users\khale\AppData\Local\Programs\Python\Python312\Scripts\;C:\Users\khale\AppData\Local\Programs\Python\Python312\;C:\Users\khale\AppData\Local\Programs\Python\Launcher\;C:\Users\khale\AppData\Local\Microsoft\WindowsApps;D:\01- Embedded Systems AVR Tools-20260212T180018Z-1-001\01- Embedded Systems AVR Tools\01- IMT SDK\IMT_SDK_Win_64]
10:47:04 **** Build of configuration Debug for project LCD_test ****
make all 
Cannot run program "make": Launching failed

Error: Program "make" not found in PATH
PATH=[D:/01- Embedded Systems AVR Tools-20260212T180018Z-1-001/01- Embedded Systems AVR Tools/01- IMT SDK/IMT_SDK_Win_64/jre/bin/server;D:/01- Embedded Systems AVR Tools-20260212T180018Z-1-001/01- Embedded Systems AVR Tools/01- IMT SDK/IMT_SDK_Win_64/jre/bin;D:/01- Embedded Systems AVR Tools-20260212T180018Z-1-001/01- Embedded Systems AVR Tools/01- IMT SDK/IMT_SDK_Win_64/jre/lib/amd64;C:\Program Files (x86)\Common Files\Oracle\Java\java8path;C:\Program Files (x86)\Common Files\Oracle\Java\javapath;C:\Program Files (x86)\SIEMENS\S7-PCT\bin;C:\Program Files (x86)\Common Files\Siemens\Sqlany;C:\Program Files (x86)\Siemens\Step7\S7bin;C:\Program Files\Common Files\Siemens\Automation\Simatic OAM\bin;C:\Program Files\Python311\Scripts\;C:\Program Files\Python311\;C:\Windows\system32;C:\Windows;C:\Windows\System32\Wbem;C:\Windows\System32\WindowsPowerShell\v1.0\;C:\Windows\System32\OpenSSH\;C:\Program Files (x86)\NVIDIA Corporation\PhysX\Common;C:\MinGW\bin;C:\Program Files\Microsoft SQL Server\Client SDK\ODBC\170\Tools\Binn\;C:\Program Files (x86)\Microsoft SQL Server\150\Tools\Binn\;C:\Program Files\Microsoft SQL Server\150\Tools\Binn\;C:\Program Files\Microsoft SQL Server\150\DTS\Binn\;C:\Program Files (x86)\Windows Kits\8.1\Windows Performance Toolkit\;C:\mingw64\bin;C:\MinGW\mingw32\bin;C:\Program Files\MATLAB\R2024b\bin;C:\Windows\system32;C:\Windows;C:\Windows\System32\Wbem;C:\Windows\System32\WindowsPowerShell\v1.0\;C:\Windows\System32\OpenSSH\;C:\Program Files\NVIDIA Corporation\NVIDIA app\NvDLISR;C:\Program Files\dotnet\;C:\Program Files\PKWARE\pkzipc;C:\Program Files (x86)\STMicroelectronics\STM32 ST-LINK Utility\ST-LINK Utility;C:\Program Files\Git\cmd;C:\Program Files\MATLAB\R2024a\runtime\win64;C:\Program Files\MATLAB\R2024a\bin;C:\Users\khale\AppData\Local\Programs\Python\Python312\Scripts\;C:\Users\khale\AppData\Local\Programs\Python\Python312\;C:\Users\khale\AppData\Local\Programs\Python\Launcher\;C:\Users\khale\AppData\Local\Microsoft\WindowsApps;D:\01- Embedded Systems AVR Tools-20260212T180018Z-1-001\01- Embedded Systems AVR Tools\01- IMT SDK\IMT_SDK_Win_64]
10:47:12 **** Clean-only build of configuration Debug for project DC_MOTOR_test ****
make clean 
Cannot run program "make": Launching failed

Error: Program "make" not found in PATH
PATH=[D:/01- Embedded Systems AVR Tools-20260212T180018Z-1-001/01- Embedded Systems AVR Tools/01- IMT SDK/IMT_SDK_Win_64/jre/bin/server;D:/01- Embedded Systems AVR Tools-20260212T180018Z-1-001/01- Embedded Systems AVR Tools/01- IMT SDK/IMT_SDK_Win_64/jre/bin;D:/01- Embedded Systems AVR Tools-20260212T180018Z-1-001/01- Embedded Systems AVR Tools/01- IMT SDK/IMT_SDK_Win_64/jre/lib/amd64;C:\Program Files (x86)\Common Files\Oracle\Java\java8path;C:\Program Files (x86)\Common Files\Oracle\Java\javapath;C:\Program Files (x86)\SIEMENS\S7-PCT\bin;C:\Program Files (x86)\Common Files\Siemens\Sqlany;C:\Program Files (x86)\Siemens\Step7\S7bin;C:\Program Files\Common Files\Siemens\Automation\Simatic OAM\bin;C:\Program Files\Python311\Scripts\;C:\Program Files\Python311\;C:\Windows\system32;C:\Windows;C:\Windows\System32\Wbem;C:\Windows\System32\WindowsPowerShell\v1.0\;C:\Windows\System32\OpenSSH\;C:\Program Files (x86)\NVIDIA Corporation\PhysX\Common;C:\MinGW\bin;C:\Program Files\Microsoft SQL Server\Client SDK\ODBC\170\Tools\Binn\;C:\Program Files (x86)\Microsoft SQL Server\150\Tools\Binn\;C:\Program Files\Microsoft SQL Server\150\Tools\Binn\;C:\Program Files\Microsoft SQL Server\150\DTS\Binn\;C:\Program Files (x86)\Windows Kits\8.1\Windows Performance Toolkit\;C:\mingw64\bin;C:\MinGW\mingw32\bin;C:\Program Files\MATLAB\R2024b\bin;C:\Windows\system32;C:\Windows;C:\Windows\System32\Wbem;C:\Windows\System32\WindowsPowerShell\v1.0\;C:\Windows\System32\OpenSSH\;C:\Program Files\NVIDIA Corporation\NVIDIA app\NvDLISR;C:\Program Files\dotnet\;C:\Program Files\PKWARE\pkzipc;C:\Program Files (x86)\STMicroelectronics\STM32 ST-LINK Utility\ST-LINK Utility;C:\Program Files\Git\cmd;C:\Program Files\MATLAB\R2024a\runtime\win64;C:\Program Files\MATLAB\R2024a\bin;C:\Users\khale\AppData\Local\Programs\Python\Python312\Scripts\;C:\Users\khale\AppData\Local\Programs\Python\Python312\;C:\Users\khale\AppData\Local\Programs\Python\Launcher\;C:\Users\khale\AppData\Local\Microsoft\WindowsApps;D:\01- Embedded Systems AVR Tools-20260212T180018Z-1-001\01- Embedded Systems AVR Tools\01- IMT SDK\IMT_SDK_Win_64]
10:47:12 **** Clean-only build of configuration Debug for project DIO_test ****
make clean 
Cannot run program "make": Launching failed

Error: Program "make" not found in PATH
PATH=[D:/01- Embedded Systems AVR Tools-20260212T180018Z-1-001/01- Embedded Systems AVR Tools/01- IMT SDK/IMT_SDK_Win_64/jre/bin/server;D:/01- Embedded Systems AVR Tools-20260212T180018Z-1-001/01- Embedded Systems AVR Tools/01- IMT SDK/IMT_SDK_Win_64/jre/bin;D:/01- Embedded Systems AVR Tools-20260212T180018Z-1-001/01- Embedded Systems AVR Tools/01- IMT SDK/IMT_SDK_Win_64/jre/lib/amd64;C:\Program Files (x86)\Common Files\Oracle\Java\java8path;C:\Program Files (x86)\Common Files\Oracle\Java\javapath;C:\Program Files (x86)\SIEMENS\S7-PCT\bin;C:\Program Files (x86)\Common Files\Siemens\Sqlany;C:\Program Files (x86)\Siemens\Step7\S7bin;C:\Program Files\Common Files\Siemens\Automation\Simatic OAM\bin;C:\Program Files\Python311\Scripts\;C:\Program Files\Python311\;C:\Windows\system32;C:\Windows;C:\Windows\System32\Wbem;C:\Windows\System32\WindowsPowerShell\v1.0\;C:\Windows\System32\OpenSSH\;C:\Program Files (x86)\NVIDIA Corporation\PhysX\Common;C:\MinGW\bin;C:\Program Files\Microsoft SQL Server\Client SDK\ODBC\170\Tools\Binn\;C:\Program Files (x86)\Microsoft SQL Server\150\Tools\Binn\;C:\Program Files\Microsoft SQL Server\150\Tools\Binn\;C:\Program Files\Microsoft SQL Server\150\DTS\Binn\;C:\Program Files (x86)\Windows Kits\8.1\Windows Performance Toolkit\;C:\mingw64\bin;C:\MinGW\mingw32\bin;C:\Program Files\MATLAB\R2024b\bin;C:\Windows\system32;C:\Windows;C:\Windows\System32\Wbem;C:\Windows\System32\WindowsPowerShell\v1.0\;C:\Windows\System32\OpenSSH\;C:\Program Files\NVIDIA Corporation\NVIDIA app\NvDLISR;C:\Program Files\dotnet\;C:\Program Files\PKWARE\pkzipc;C:\Program Files (x86)\STMicroelectronics\STM32 ST-LINK Utility\ST-LINK Utility;C:\Program Files\Git\cmd;C:\Program Files\MATLAB\R2024a\runtime\win64;C:\Program Files\MATLAB\R2024a\bin;C:\Users\khale\AppData\Local\Programs\Python\Python312\Scripts\;C:\Users\khale\AppData\Local\Programs\Python\Python312\;C:\Users\khale\AppData\Local\Programs\Python\Launcher\;C:\Users\khale\AppData\Local\Microsoft\WindowsApps;D:\01- Embedded Systems AVR Tools-20260212T180018Z-1-001\01- Embedded Systems AVR Tools\01- IMT SDK\IMT_SDK_Win_64]
10:47:12 **** Clean-only build of configuration Debug for project KEYPAD_test ****
make clean 
Cannot run program "make": Launching failed

Error: Program "make" not found in PATH
PATH=[D:/01- Embedded Systems AVR Tools-20260212T180018Z-1-001/01- Embedded Systems AVR Tools/01- IMT SDK/IMT_SDK_Win_64/jre/bin/server;D:/01- Embedded Systems AVR Tools-20260212T180018Z-1-001/01- Embedded Systems AVR Tools/01- IMT SDK/IMT_SDK_Win_64/jre/bin;D:/01- Embedded Systems AVR Tools-20260212T180018Z-1-001/01- Embedded Systems AVR Tools/01- IMT SDK/IMT_SDK_Win_64/jre/lib/amd64;C:\Program Files (x86)\Common Files\Oracle\Java\java8path;C:\Program Files (x86)\Common Files\Oracle\Java\javapath;C:\Program Files (x86)\SIEMENS\S7-PCT\bin;C:\Program Files (x86)\Common Files\Siemens\Sqlany;C:\Program Files (x86)\Siemens\Step7\S7bin;C:\Program Files\Common Files\Siemens\Automation\Simatic OAM\bin;C:\Program Files\Python311\Scripts\;C:\Program Files\Python311\;C:\Windows\system32;C:\Windows;C:\Windows\System32\Wbem;C:\Windows\System32\WindowsPowerShell\v1.0\;C:\Windows\System32\OpenSSH\;C:\Program Files (x86)\NVIDIA Corporation\PhysX\Common;C:\MinGW\bin;C:\Program Files\Microsoft SQL Server\Client SDK\ODBC\170\Tools\Binn\;C:\Program Files (x86)\Microsoft SQL Server\150\Tools\Binn\;C:\Program Files\Microsoft SQL Server\150\Tools\Binn\;C:\Program Files\Microsoft SQL Server\150\DTS\Binn\;C:\Program Files (x86)\Windows Kits\8.1\Windows Performance Toolkit\;C:\mingw64\bin;C:\MinGW\mingw32\bin;C:\Program Files\MATLAB\R2024b\bin;C:\Windows\system32;C:\Windows;C:\Windows\System32\Wbem;C:\Windows\System32\WindowsPowerShell\v1.0\;C:\Windows\System32\OpenSSH\;C:\Program Files\NVIDIA Corporation\NVIDIA app\NvDLISR;C:\Program Files\dotnet\;C:\Program Files\PKWARE\pkzipc;C:\Program Files (x86)\STMicroelectronics\STM32 ST-LINK Utility\ST-LINK Utility;C:\Program Files\Git\cmd;C:\Program Files\MATLAB\R2024a\runtime\win64;C:\Program Files\MATLAB\R2024a\bin;C:\Users\khale\AppData\Local\Programs\Python\Python312\Scripts\;C:\Users\khale\AppData\Local\Programs\Python\Python312\;C:\Users\khale\AppData\Local\Programs\Python\Launcher\;C:\Users\khale\AppData\Local\Microsoft\WindowsApps;D:\01- Embedded Systems AVR Tools-20260212T180018Z-1-001\01- Embedded Systems AVR Tools\01- IMT SDK\IMT_SDK_Win_64]
10:47:12 **** Clean-only build of configuration Debug for project LCD_test ****
make clean 
Cannot run program "make": Launching failed

Error: Program "make" not found in PATH
PATH=[D:/01- Embedded Systems AVR Tools-20260212T180018Z-1-001/01- Embedded Systems AVR Tools/01- IMT SDK/IMT_SDK_Win_64/jre/bin/server;D:/01- Embedded Systems AVR Tools-20260212T180018Z-1-001/01- Embedded Systems AVR Tools/01- IMT SDK/IMT_SDK_Win_64/jre/bin;D:/01- Embedded Systems AVR Tools-20260212T180018Z-1-001/01- Embedded Systems AVR Tools/01- IMT SDK/IMT_SDK_Win_64/jre/lib/amd64;C:\Program Files (x86)\Common Files\Oracle\Java\java8path;C:\Program Files (x86)\Common Files\Oracle\Java\javapath;C:\Program Files (x86)\SIEMENS\S7-PCT\bin;C:\Program Files (x86)\Common Files\Siemens\Sqlany;C:\Program Files (x86)\Siemens\Step7\S7bin;C:\Program Files\Common Files\Siemens\Automation\Simatic OAM\bin;C:\Program Files\Python311\Scripts\;C:\Program Files\Python311\;C:\Windows\system32;C:\Windows;C:\Windows\System32\Wbem;C:\Windows\System32\WindowsPowerShell\v1.0\;C:\Windows\System32\OpenSSH\;C:\Program Files (x86)\NVIDIA Corporation\PhysX\Common;C:\MinGW\bin;C:\Program Files\Microsoft SQL Server\Client SDK\ODBC\170\Tools\Binn\;C:\Program Files (x86)\Microsoft SQL Server\150\Tools\Binn\;C:\Program Files\Microsoft SQL Server\150\Tools\Binn\;C:\Program Files\Microsoft SQL Server\150\DTS\Binn\;C:\Program Files (x86)\Windows Kits\8.1\Windows Performance Toolkit\;C:\mingw64\bin;C:\MinGW\mingw32\bin;C:\Program Files\MATLAB\R2024b\bin;C:\Windows\system32;C:\Windows;C:\Windows\System32\Wbem;C:\Windows\System32\WindowsPowerShell\v1.0\;C:\Windows\System32\OpenSSH\;C:\Program Files\NVIDIA Corporation\NVIDIA app\NvDLISR;C:\Program Files\dotnet\;C:\Program Files\PKWARE\pkzipc;C:\Program Files (x86)\STMicroelectronics\STM32 ST-LINK Utility\ST-LINK Utility;C:\Program Files\Git\cmd;C:\Program Files\MATLAB\R2024a\runtime\win64;C:\Program Files\MATLAB\R2024a\bin;C:\Users\khale\AppData\Local\Programs\Python\Python312\Scripts\;C:\Users\khale\AppData\Local\Programs\Python\Python312\;C:\Users\khale\AppData\Local\Programs\Python\Launcher\;C:\Users\khale\AppData\Local\Microsoft\WindowsApps;D:\01- Embedded Systems AVR Tools-20260212T180018Z-1-001\01- Embedded Systems AVR Tools\01- IMT SDK\IMT_SDK_Win_64]
10:47:14 **** Build of configuration Debug for project DC_MOTOR_test ****
make all 
Cannot run program "make": Launching failed

Error: Program "make" not found in PATH
PATH=[D:/01- Embedded Systems AVR Tools-20260212T180018Z-1-001/01- Embedded Systems AVR Tools/01- IMT SDK/IMT_SDK_Win_64/jre/bin/server;D:/01- Embedded Systems AVR Tools-20260212T180018Z-1-001/01- Embedded Systems AVR Tools/01- IMT SDK/IMT_SDK_Win_64/jre/bin;D:/01- Embedded Systems AVR Tools-20260212T180018Z-1-001/01- Embedded Systems AVR Tools/01- IMT SDK/IMT_SDK_Win_64/jre/lib/amd64;C:\Program Files (x86)\Common Files\Oracle\Java\java8path;C:\Program Files (x86)\Common Files\Oracle\Java\javapath;C:\Program Files (x86)\SIEMENS\S7-PCT\bin;C:\Program Files (x86)\Common Files\Siemens\Sqlany;C:\Program Files (x86)\Siemens\Step7\S7bin;C:\Program Files\Common Files\Siemens\Automation\Simatic OAM\bin;C:\Program Files\Python311\Scripts\;C:\Program Files\Python311\;C:\Windows\system32;C:\Windows;C:\Windows\System32\Wbem;C:\Windows\System32\WindowsPowerShell\v1.0\;C:\Windows\System32\OpenSSH\;C:\Program Files (x86)\NVIDIA Corporation\PhysX\Common;C:\MinGW\bin;C:\Program Files\Microsoft SQL Server\Client SDK\ODBC\170\Tools\Binn\;C:\Program Files (x86)\Microsoft SQL Server\150\Tools\Binn\;C:\Program Files\Microsoft SQL Server\150\Tools\Binn\;C:\Program Files\Microsoft SQL Server\150\DTS\Binn\;C:\Program Files (x86)\Windows Kits\8.1\Windows Performance Toolkit\;C:\mingw64\bin;C:\MinGW\mingw32\bin;C:\Program Files\MATLAB\R2024b\bin;C:\Windows\system32;C:\Windows;C:\Windows\System32\Wbem;C:\Windows\System32\WindowsPowerShell\v1.0\;C:\Windows\System32\OpenSSH\;C:\Program Files\NVIDIA Corporation\NVIDIA app\NvDLISR;C:\Program Files\dotnet\;C:\Program Files\PKWARE\pkzipc;C:\Program Files (x86)\STMicroelectronics\STM32 ST-LINK Utility\ST-LINK Utility;C:\Program Files\Git\cmd;C:\Program Files\MATLAB\R2024a\runtime\win64;C:\Program Files\MATLAB\R2024a\bin;C:\Users\khale\AppData\Local\Programs\Python\Python312\Scripts\;C:\Users\khale\AppData\Local\Programs\Python\Python312\;C:\Users\khale\AppData\Local\Programs\Python\Launcher\;C:\Users\khale\AppData\Local\Microsoft\WindowsApps;D:\01- Embedded Systems AVR Tools-20260212T180018Z-1-001\01- Embedded Systems AVR Tools\01- IMT SDK\IMT_SDK_Win_64]
10:47:15 **** Build of configuration Debug for project DIO_test ****
make all 
Cannot run program "make": Launching failed

Error: Program "make" not found in PATH
PATH=[D:/01- Embedded Systems AVR Tools-20260212T180018Z-1-001/01- Embedded Systems AVR Tools/01- IMT SDK/IMT_SDK_Win_64/jre/bin/server;D:/01- Embedded Systems AVR Tools-20260212T180018Z-1-001/01- Embedded Systems AVR Tools/01- IMT SDK/IMT_SDK_Win_64/jre/bin;D:/01- Embedded Systems AVR Tools-20260212T180018Z-1-001/01- Embedded Systems AVR Tools/01- IMT SDK/IMT_SDK_Win_64/jre/lib/amd64;C:\Program Files (x86)\Common Files\Oracle\Java\java8path;C:\Program Files (x86)\Common Files\Oracle\Java\javapath;C:\Program Files (x86)\SIEMENS\S7-PCT\bin;C:\Program Files (x86)\Common Files\Siemens\Sqlany;C:\Program Files (x86)\Siemens\Step7\S7bin;C:\Program Files\Common Files\Siemens\Automation\Simatic OAM\bin;C:\Program Files\Python311\Scripts\;C:\Program Files\Python311\;C:\Windows\system32;C:\Windows;C:\Windows\System32\Wbem;C:\Windows\System32\WindowsPowerShell\v1.0\;C:\Windows\System32\OpenSSH\;C:\Program Files (x86)\NVIDIA Corporation\PhysX\Common;C:\MinGW\bin;C:\Program Files\Microsoft SQL Server\Client SDK\ODBC\170\Tools\Binn\;C:\Program Files (x86)\Microsoft SQL Server\150\Tools\Binn\;C:\Program Files\Microsoft SQL Server\150\Tools\Binn\;C:\Program Files\Microsoft SQL Server\150\DTS\Binn\;C:\Program Files (x86)\Windows Kits\8.1\Windows Performance Toolkit\;C:\mingw64\bin;C:\MinGW\mingw32\bin;C:\Program Files\MATLAB\R2024b\bin;C:\Windows\system32;C:\Windows;C:\Windows\System32\Wbem;C:\Windows\System32\WindowsPowerShell\v1.0\;C:\Windows\System32\OpenSSH\;C:\Program Files\NVIDIA Corporation\NVIDIA app\NvDLISR;C:\Program Files\dotnet\;C:\Program Files\PKWARE\pkzipc;C:\Program Files (x86)\STMicroelectronics\STM32 ST-LINK Utility\ST-LINK Utility;C:\Program Files\Git\cmd;C:\Program Files\MATLAB\R2024a\runtime\win64;C:\Program Files\MATLAB\R2024a\bin;C:\Users\khale\AppData\Local\Programs\Python\Python312\Scripts\;C:\Users\khale\AppData\Local\Programs\Python\Python312\;C:\Users\khale\AppData\Local\Programs\Python\Launcher\;C:\Users\khale\AppData\Local\Microsoft\WindowsApps;D:\01- Embedded Systems AVR Tools-20260212T180018Z-1-001\01- Embedded Systems AVR Tools\01- IMT SDK\IMT_SDK_Win_64]
10:47:15 **** Build of configuration Debug for project KEYPAD_test ****
make all 
Cannot run program "make": Launching failed

Error: Program "make" not found in PATH
PATH=[D:/01- Embedded Systems AVR Tools-20260212T180018Z-1-001/01- Embedded Systems AVR Tools/01- IMT SDK/IMT_SDK_Win_64/jre/bin/server;D:/01- Embedded Systems AVR Tools-20260212T180018Z-1-001/01- Embedded Systems AVR Tools/01- IMT SDK/IMT_SDK_Win_64/jre/bin;D:/01- Embedded Systems AVR Tools-20260212T180018Z-1-001/01- Embedded Systems AVR Tools/01- IMT SDK/IMT_SDK_Win_64/jre/lib/amd64;C:\Program Files (x86)\Common Files\Oracle\Java\java8path;C:\Program Files (x86)\Common Files\Oracle\Java\javapath;C:\Program Files (x86)\SIEMENS\S7-PCT\bin;C:\Program Files (x86)\Common Files\Siemens\Sqlany;C:\Program Files (x86)\Siemens\Step7\S7bin;C:\Program Files\Common Files\Siemens\Automation\Simatic OAM\bin;C:\Program Files\Python311\Scripts\;C:\Program Files\Python311\;C:\Windows\system32;C:\Windows;C:\Windows\System32\Wbem;C:\Windows\System32\WindowsPowerShell\v1.0\;C:\Windows\System32\OpenSSH\;C:\Program Files (x86)\NVIDIA Corporation\PhysX\Common;C:\MinGW\bin;C:\Program Files\Microsoft SQL Server\Client SDK\ODBC\170\Tools\Binn\;C:\Program Files (x86)\Microsoft SQL Server\150\Tools\Binn\;C:\Program Files\Microsoft SQL Server\150\Tools\Binn\;C:\Program Files\Microsoft SQL Server\150\DTS\Binn\;C:\Program Files (x86)\Windows Kits\8.1\Windows Performance Toolkit\;C:\mingw64\bin;C:\MinGW\mingw32\bin;C:\Program Files\MATLAB\R2024b\bin;C:\Windows\system32;C:\Windows;C:\Windows\System32\Wbem;C:\Windows\System32\WindowsPowerShell\v1.0\;C:\Windows\System32\OpenSSH\;C:\Program Files\NVIDIA Corporation\NVIDIA app\NvDLISR;C:\Program Files\dotnet\;C:\Program Files\PKWARE\pkzipc;C:\Program Files (x86)\STMicroelectronics\STM32 ST-LINK Utility\ST-LINK Utility;C:\Program Files\Git\cmd;C:\Program Files\MATLAB\R2024a\runtime\win64;C:\Program Files\MATLAB\R2024a\bin;C:\Users\khale\AppData\Local\Programs\Python\Python312\Scripts\;C:\Users\khale\AppData\Local\Programs\Python\Python312\;C:\Users\khale\AppData\Local\Programs\Python\Launcher\;C:\Users\khale\AppData\Local\Microsoft\WindowsApps;D:\01- Embedded Systems AVR Tools-20260212T180018Z-1-001\01- Embedded Systems AVR Tools\01- IMT SDK\IMT_SDK_Win_64]
10:47:16 **** Build of configuration Debug for project LCD_test ****
make all 
Cannot run program "make": Launching failed

Error: Program "make" not found in PATH
PATH=[D:/01- Embedded Systems AVR Tools-20260212T180018Z-1-001/01- Embedded Systems AVR Tools/01- IMT SDK/IMT_SDK_Win_64/jre/bin/server;D:/01- Embedded Systems AVR Tools-20260212T180018Z-1-001/01- Embedded Systems AVR Tools/01- IMT SDK/IMT_SDK_Win_64/jre/bin;D:/01- Embedded Systems AVR Tools-20260212T180018Z-1-001/01- Embedded Systems AVR Tools/01- IMT SDK/IMT_SDK_Win_64/jre/lib/amd64;C:\Program Files (x86)\Common Files\Oracle\Java\java8path;C:\Program Files (x86)\Common Files\Oracle\Java\javapath;C:\Program Files (x86)\SIEMENS\S7-PCT\bin;C:\Program Files (x86)\Common Files\Siemens\Sqlany;C:\Program Files (x86)\Siemens\Step7\S7bin;C:\Program Files\Common Files\Siemens\Automation\Simatic OAM\bin;C:\Program Files\Python311\Scripts\;C:\Program Files\Python311\;C:\Windows\system32;C:\Windows;C:\Windows\System32\Wbem;C:\Windows\System32\WindowsPowerShell\v1.0\;C:\Windows\System32\OpenSSH\;C:\Program Files (x86)\NVIDIA Corporation\PhysX\Common;C:\MinGW\bin;C:\Program Files\Microsoft SQL Server\Client SDK\ODBC\170\Tools\Binn\;C:\Program Files (x86)\Microsoft SQL Server\150\Tools\Binn\;C:\Program Files\Microsoft SQL Server\150\Tools\Binn\;C:\Program Files\Microsoft SQL Server\150\DTS\Binn\;C:\Program Files (x86)\Windows Kits\8.1\Windows Performance Toolkit\;C:\mingw64\bin;C:\MinGW\mingw32\bin;C:\Program Files\MATLAB\R2024b\bin;C:\Windows\system32;C:\Windows;C:\Windows\System32\Wbem;C:\Windows\System32\WindowsPowerShell\v1.0\;C:\Windows\System32\OpenSSH\;C:\Program Files\NVIDIA Corporation\NVIDIA app\NvDLISR;C:\Program Files\dotnet\;C:\Program Files\PKWARE\pkzipc;C:\Program Files (x86)\STMicroelectronics\STM32 ST-LINK Utility\ST-LINK Utility;C:\Program Files\Git\cmd;C:\Program Files\MATLAB\R2024a\runtime\win64;C:\Program Files\MATLAB\R2024a\bin;C:\Users\khale\AppData\Local\Programs\Python\Python312\Scripts\;C:\Users\khale\AppData\Local\Programs\Python\Python312\;C:\Users\khale\AppData\Local\Programs\Python\Launcher\;C:\Users\khale\AppData\Local\Microsoft\WindowsApps;D:\01- Embedded Systems AVR Tools-20260212T180018Z-1-001\01- Embedded Systems AVR Tools\01- IMT SDK\IMT_SDK_Win_64]
11:09:43 **** Incremental Build of configuration Debug for project DC_MOTOR_test ****
make all 
Invoking: Print Size
avr-size --format=berkeley -t DC_MOTOR_test.elf
   text	   data	    bss	    dec	    hex	filename
   3398	     10	      2	   3410	    d52	DC_MOTOR_test.elf
   3398	     10	      2	   3410	    d52	(TOTALS)
Finished building: sizedummy
 
11:09:49 **** Incremental Build of configuration Debug for project DIO_test ****
make all 
Invoking: Print Size
avr-size --format=berkeley -t DIO_test.elf
   text	   data	    bss	    dec	    hex	filename
   6914	     42	      3	   6959	   1b2f	DIO_test.elf
   6914	     42	      3	   6959	   1b2f	(TOTALS)
Finished building: sizedummy
 
11:09:51 **** Incremental Build of configuration Debug for project KEYPAD_test ****
make all 
Invoking: Print Size
avr-size --format=berkeley -t KEYPAD_test.elf
   text	   data	    bss	    dec	    hex	filename
  18560	    296	      0	  18856	   49a8	KEYPAD_test.elf
  18560	    296	      0	  18856	   49a8	(TOTALS)
Finished building: sizedummy
 
11:09:52 **** Incremental Build of configuration Debug for project LCD_test ****
make all 
Invoking: Print Size
avr-size --format=berkeley -t LCD_test.elf
   text	   data	    bss	    dec	    hex	filename
  19720	    278	      0	  19998	   4e1e	LCD_test.elf
  19720	    278	      0	  19998	   4e1e	(TOTALS)
Finished building: sizedummy
 
11:14:23 **** Incremental Build of configuration Debug for project DC_MOTOR_test ****
make all 
Invoking: Print Size
avr-size --format=berkeley -t DC_MOTOR_test.elf
   text	   data	    bss	    dec	    hex	filename
   3398	     10	      2	   3410	    d52	DC_MOTOR_test.elf
   3398	     10	      2	   3410	    d52	(TOTALS)
Finished building: sizedummy
 
11:14:28 **** Incremental Build of configuration Debug for project DIO_test ****
make all 
Invoking: Print Size
avr-size --format=berkeley -t DIO_test.elf
   text	   data	    bss	    dec	    hex	filename
   6914	     42	      3	   6959	   1b2f	DIO_test.elf
   6914	     42	      3	   6959	   1b2f	(TOTALS)
Finished building: sizedummy
 
11:14:30 **** Incremental Build of configuration Debug for project KEYPAD_test ****
make all 
Invoking: Print Size
avr-size --format=berkeley -t KEYPAD_test.elf
   text	   data	    bss	    dec	    hex	filename
  18560	    296	      0	  18856	   49a8	KEYPAD_test.elf
  18560	    296	      0	  18856	   49a8	(TOTALS)
Finished building: sizedummy
 
11:14:31 **** Incremental Build of configuration Debug for project LCD_test ****
make all 
Invoking: Print Size
avr-size --format=berkeley -t LCD_test.elf
   text	   data	    bss	    dec	    hex	filename
  19720	    278	      0	  19998	   4e1e	LCD_test.elf
  19720	    278	      0	  19998	   4e1e	(TOTALS)
Finished building: sizedummy
 
11:15:10 **** Incremental Build of configuration Debug for project DC_MOTOR_test ****
make all 
Invoking: Print Size
avr-size --format=berkeley -t DC_MOTOR_test.elf
   text	   data	    bss	    dec	    hex	filename
   3398	     10	      2	   3410	    d52	DC_MOTOR_test.elf
   3398	     10	      2	   3410	    d52	(TOTALS)
Finished building: sizedummy
 
11:15:12 **** Incremental Build of configuration Debug for project DIO_test ****
make all 
Invoking: Print Size
avr-size --format=berkeley -t DIO_test.elf
   text	   data	    bss	    dec	    hex	filename
   6914	     42	      3	   6959	   1b2f	DIO_test.elf
   6914	     42	      3	   6959	   1b2f	(TOTALS)
Finished building: sizedummy
 
11:15:13 **** Incremental Build of configuration Debug for project KEYPAD_test ****
make all 
Invoking: Print Size
avr-size --format=berkeley -t KEYPAD_test.elf
   text	   data	    bss	    dec	    hex	filename
  18560	    296	      0	  18856	   49a8	KEYPAD_test.elf
  18560	    296	      0	  18856	   49a8	(TOTALS)
Finished building: sizedummy
 
11:15:14 **** Incremental Build of configuration Debug for project LCD_test ****
make all 
Invoking: Print Size
avr-size --format=berkeley -t LCD_test.elf
   text	   data	    bss	    dec	    hex	filename
  19720	    278	      0	  19998	   4e1e	LCD_test.elf
  19720	    278	      0	  19998	   4e1e	(TOTALS)
Finished building: sizedummy
 
11:18:03 **** Incremental Build of configuration Debug for project DC_MOTOR_test ****
make all 
Invoking: Print Size
avr-size --format=berkeley -t DC_MOTOR_test.elf
   text	   data	    bss	    dec	    hex	filename
   3398	     10	      2	   3410	    d52	DC_MOTOR_test.elf
   3398	     10	      2	   3410	    d52	(TOTALS)
Finished building: sizedummy
 
11:18:09 **** Incremental Build of configuration Debug for project DIO_test ****
make all 
Invoking: Print Size
avr-size --format=berkeley -t DIO_test.elf
   text	   data	    bss	    dec	    hex	filename
   6914	     42	      3	   6959	   1b2f	DIO_test.elf
   6914	     42	      3	   6959	   1b2f	(TOTALS)
Finished building: sizedummy
 
11:18:11 **** Incremental Build of configuration Debug for project KEYPAD_test ****
make all 
Invoking: Print Size
avr-size --format=berkeley -t KEYPAD_test.elf
   text	   data	    bss	    dec	    hex	filename
  18560	    296	      0	  18856	   49a8	KEYPAD_test.elf
  18560	    296	      0	  18856	   49a8	(TOTALS)
Finished building: sizedummy
 
11:18:13 **** Incremental Build of configuration Debug for project LCD_test ****
make all 
Invoking: Print Size
avr-size --format=berkeley -t LCD_test.elf
   text	   data	    bss	    dec	    hex	filename
  19720	    278	      0	  19998	   4e1e	LCD_test.elf
  19720	    278	      0	  19998	   4e1e	(TOTALS)
Finished building: sizedummy
 
11:18:58 **** Incremental Build of configuration Debug for project DC_MOTOR_test ****
make all 
Invoking: Print Size
avr-size --format=berkeley -t DC_MOTOR_test.elf
   text	   data	    bss	    dec	    hex	filename
   3398	     10	      2	   3410	    d52	DC_MOTOR_test.elf
   3398	     10	      2	   3410	    d52	(TOTALS)
Finished building: sizedummy
 
11:19:04 **** Incremental Build of configuration Debug for project DIO_test ****
make all 
Invoking: Print Size
avr-size --format=berkeley -t DIO_test.elf
   text	   data	    bss	    dec	    hex	filename
   6914	     42	      3	   6959	   1b2f	DIO_test.elf
   6914	     42	      3	   6959	   1b2f	(TOTALS)
Finished building: sizedummy
 
11:19:04 **** Incremental Build of configuration Debug for project KEYPAD_test ****
make all 
Invoking: Print Size
avr-size --format=berkeley -t KEYPAD_test.elf
   text	   data	    bss	    dec	    hex	filename
  18560	    296	      0	  18856	   49a8	KEYPAD_test.elf
  18560	    296	      0	  18856	   49a8	(TOTALS)
Finished building: sizedummy
 
11:19:06 **** Incremental Build of configuration Debug for project LCD_test ****
make all 
Invoking: Print Size
avr-size --format=berkeley -t LCD_test.elf
   text	   data	    bss	    dec	    hex	filename
  19720	    278	      0	  19998	   4e1e	LCD_test.elf
  19720	    278	      0	  19998	   4e1e	(TOTALS)
Finished building: sizedummy
 
11:21:43 **** Incremental Build of configuration Debug for project DC_MOTOR_test ****
make all 
Invoking: Print Size
avr-size --format=berkeley -t DC_MOTOR_test.elf
   text	   data	    bss	    dec	    hex	filename
   3398	     10	      2	   3410	    d52	DC_MOTOR_test.elf
   3398	     10	      2	   3410	    d52	(TOTALS)
Finished building: sizedummy
 
11:21:48 **** Incremental Build of configuration Debug for project DIO_test ****
make all 
Invoking: Print Size
avr-size --format=berkeley -t DIO_test.elf
   text	   data	    bss	    dec	    hex	filename
   6914	     42	      3	   6959	   1b2f	DIO_test.elf
   6914	     42	      3	   6959	   1b2f	(TOTALS)
Finished building: sizedummy
 
11:21:50 **** Incremental Build of configuration Debug for project KEYPAD_test ****
make all 
Invoking: Print Size
avr-size --format=berkeley -t KEYPAD_test.elf
   text	   data	    bss	    dec	    hex	filename
  18560	    296	      0	  18856	   49a8	KEYPAD_test.elf
  18560	    296	      0	  18856	   49a8	(TOTALS)
Finished building: sizedummy
 
11:21:51 **** Incremental Build of configuration Debug for project LCD_test ****
make all 
Invoking: Print Size
avr-size --format=berkeley -t LCD_test.elf
   text	   data	    bss	    dec	    hex	filename
  19720	    278	      0	  19998	   4e1e	LCD_test.elf
  19720	    278	      0	  19998	   4e1e	(TOTALS)
Finished building: sizedummy
 
11:22:15 **** Incremental Build of configuration Debug for project DC_MOTOR_test ****
make all 
Invoking: Print Size
avr-size --format=berkeley -t DC_MOTOR_test.elf
   text	   data	    bss	    dec	    hex	filename
   3398	     10	      2	   3410	    d52	DC_MOTOR_test.elf
   3398	     10	      2	   3410	    d52	(TOTALS)
Finished building: sizedummy
 
11:22:17 **** Incremental Build of configuration Debug for project DIO_test ****
make all 
Invoking: Print Size
avr-size --format=berkeley -t DIO_test.elf
   text	   data	    bss	    dec	    hex	filename
   6914	     42	      3	   6959	   1b2f	DIO_test.elf
   6914	     42	      3	   6959	   1b2f	(TOTALS)
Finished building: sizedummy
 
11:22:18 **** Incremental Build of configuration Debug for project KEYPAD_test ****
make all 
Invoking: Print Size
avr-size --format=berkeley -t KEYPAD_test.elf
   text	   data	    bss	    dec	    hex	filename
  18560	    296	      0	  18856	   49a8	KEYPAD_test.elf
  18560	    296	      0	  18856	   49a8	(TOTALS)
Finished building: sizedummy
 
11:22:48 **** Incremental Build of configuration Debug for project DC_MOTOR_test ****
make all 
Invoking: Print Size
avr-size --format=berkeley -t DC_MOTOR_test.elf
   text	   data	    bss	    dec	    hex	filename
   3398	     10	      2	   3410	    d52	DC_MOTOR_test.elf
   3398	     10	      2	   3410	    d52	(TOTALS)
Finished building: sizedummy
 
11:22:50 **** Incremental Build of configuration Debug for project DIO_test ****
make all 
Invoking: Print Size
avr-size --format=berkeley -t DIO_test.elf
   text	   data	    bss	    dec	    hex	filename
   6914	     42	      3	   6959	   1b2f	DIO_test.elf
   6914	     42	      3	   6959	   1b2f	(TOTALS)
Finished building: sizedummy
 
11:22:51 **** Incremental Build of configuration Debug for project KEYPAD_test ****
make all 
Invoking: Print Size
avr-size --format=berkeley -t KEYPAD_test.elf
   text	   data	    bss	    dec	    hex	filename
  18560	    296	      0	  18856	   49a8	KEYPAD_test.elf
  18560	    296	      0	  18856	   49a8	(TOTALS)
Finished building: sizedummy
 
11:23:46 **** Incremental Build of configuration Debug for project DC_MOTOR_test ****
make all 
Invoking: Print Size
avr-size --format=berkeley -t DC_MOTOR_test.elf
   text	   data	    bss	    dec	    hex	filename
   3398	     10	      2	   3410	    d52	DC_MOTOR_test.elf
   3398	     10	      2	   3410	    d52	(TOTALS)
Finished building: sizedummy
 
11:23:47 **** Incremental Build of configuration Debug for project DIO_test ****
make all 
Invoking: Print Size
avr-size --format=berkeley -t DIO_test.elf
   text	   data	    bss	    dec	    hex	filename
   6914	     42	      3	   6959	   1b2f	DIO_test.elf
   6914	     42	      3	   6959	   1b2f	(TOTALS)
Finished building: sizedummy
 
11:23:48 **** Incremental Build of configuration Debug for project KEYPAD_test ****
make all 
Invoking: Print Size
avr-size --format=berkeley -t KEYPAD_test.elf
   text	   data	    bss	    dec	    hex	filename
  18560	    296	      0	  18856	   49a8	KEYPAD_test.elf
  18560	    296	      0	  18856	   49a8	(TOTALS)
Finished building: sizedummy
 
11:26:21 **** Incremental Build of configuration Debug for project DC_MOTOR_test ****
make all 
Invoking: Print Size
avr-size --format=berkeley -t DC_MOTOR_test.elf
   text	   data	    bss	    dec	    hex	filename
   3398	     10	      2	   3410	    d52	DC_MOTOR_test.elf
   3398	     10	      2	   3410	    d52	(TOTALS)
Finished building: sizedummy
 
11:26:23 **** Incremental Build of configuration Debug for project DIO_test ****
make all 
Invoking: Print Size
avr-size --format=berkeley -t DIO_test.elf
   text	   data	    bss	    dec	    hex	filename
   6914	     42	      3	   6959	   1b2f	DIO_test.elf
   6914	     42	      3	   6959	   1b2f	(TOTALS)
Finished building: sizedummy
 
11:26:25 **** Incremental Build of configuration Debug for project KEYPAD_test ****
make all 
Invoking: Print Size
avr-size --format=berkeley -t KEYPAD_test.elf
   text	   data	    bss	    dec	    hex	filename
  18560	    296	      0	  18856	   49a8	KEYPAD_test.elf
  18560	    296	      0	  18856	   49a8	(TOTALS)
Finished building: sizedummy
 
11:28:14 **** Incremental Build of configuration Debug for project KEYPAD_test ****
make all 
Invoking: Print Size
avr-size --format=berkeley -t KEYPAD_test.elf
   text	   data	    bss	    dec	    hex	filename
  18560	    296	      0	  18856	   49a8	KEYPAD_test.elf
  18560	    296	      0	  18856	   49a8	(TOTALS)
Finished building: sizedummy
 
11:28:53 **** Incremental Build of configuration Debug for project KEYPAD_test ****
make all 
Invoking: Print Size
avr-size --format=berkeley -t KEYPAD_test.elf
   text	   data	    bss	    dec	    hex	filename
  18560	    296	      0	  18856	   49a8	KEYPAD_test.elf
  18560	    296	      0	  18856	   49a8	(TOTALS)
Finished building: sizedummy
 
11:30:43 **** Incremental Build of configuration Debug for project KEYPAD_test ****
make all 
Building file: ../main.c
Invoking: AVR Compiler
avr-gcc -I"D:\Microcontroller-Architecture-and-Interfacing-with-AVR\CTOS\ATmega32\LIB" -I"D:\Microcontroller-Architecture-and-Interfacing-with-AVR\CTOS\ATmega32\MCAL\DIO" -I"D:\Microcontroller-Architecture-and-Interfacing-with-AVR\CTOS\ATmega32\HAL\KEYPAD" -I"D:\Microcontroller-Architecture-and-Interfacing-with-AVR\CTOS\ATmega32\HAL\CLCD" -I"D:\Microcontroller-Architecture-and-Interfacing-with-AVR\CTOS\ATmega32\HAL\SWITCH" -Wall -g2 -gstabs -O0 -fpack-struct -fshort-enums -ffunction-sections -fdata-sections -std=gnu99 -funsigned-char -funsigned-bitfields -mmcu=atmega32 -DF_CPU=8000000UL -MMD -MP -MF"main.d" -MT"main.o" -c -o "main.o" "../main.c"
In file included from ../main.c:10:
d:/01- embedded systems avr tools-20260212t180018z-1-001/01- embedded systems avr tools/01- imt sdk/imt_sdk_win_64/winavr/lib/gcc/../../avr/include/util/delay.h:90:3: warning: #warning "Compiler optimizations disabled; functions from <util/delay.h> won't work as designed"
../main.c: In function 'main':
../main.c:32: warning: cast to pointer from integer of different size
../main.c: At top level:
D:\Microcontroller-Architecture-and-Interfacing-with-AVR\CTOS\ATmega32\HAL\KEYPAD/KEYPAD_interface.h:19: warning: 'KPD_u8Buttons' defined but not used
Finished building: ../main.c
 
Building target: KEYPAD_test.elf
Invoking: AVR C Linker
avr-gcc -Wl,-Map,KEYPAD_test.map -mmcu=atmega32 -o "KEYPAD_test.elf"  ./CLCD_program.o ./DIO_program.o ./KEYPAD_program.o ./main.o   
Finished building target: KEYPAD_test.elf
 
Invoking: AVR Create Extended Listing
avr-objdump -h -S KEYPAD_test.elf  >"KEYPAD_test.lss"
Finished building: KEYPAD_test.lss
 
Create Flash image (ihex format)
avr-objcopy -R .eeprom -R .fuse -R .lock -R .signature -O ihex KEYPAD_test.elf  "KEYPAD_test.hex"
Finished building: KEYPAD_test.hex
 
Invoking: Print Size
avr-size --format=berkeley -t KEYPAD_test.elf
   text	   data	    bss	    dec	    hex	filename
  18564	    296	      0	  18860	   49ac	KEYPAD_test.elf
  18564	    296	      0	  18860	   49ac	(TOTALS)
Finished building: sizedummy
 
11:30:56 **** Incremental Build of configuration Debug for project LCD_test ****
make all 
Invoking: Print Size
avr-size --format=berkeley -t LCD_test.elf
   text	   data	    bss	    dec	    hex	filename
  19720	    278	      0	  19998	   4e1e	LCD_test.elf
  19720	    278	      0	  19998	   4e1e	(TOTALS)
Finished building: sizedummy
 
11:31:57 **** Incremental Build of configuration Debug for project KEYPAD_test ****
make all 
Invoking: Print Size
avr-size --format=berkeley -t KEYPAD_test.elf
   text	   data	    bss	    dec	    hex	filename
  18564	    296	      0	  18860	   49ac	KEYPAD_test.elf
  18564	    296	      0	  18860	   49ac	(TOTALS)
Finished building: sizedummy
 
11:31:59 **** Incremental Build of configuration Debug for project LCD_test ****
make all 
Invoking: Print Size
avr-size --format=berkeley -t LCD_test.elf
   text	   data	    bss	    dec	    hex	filename
  19720	    278	      0	  19998	   4e1e	LCD_test.elf
  19720	    278	      0	  19998	   4e1e	(TOTALS)
Finished building: sizedummy
 
11:37:32 **** Incremental Build of configuration Debug for project KEYPAD_test ****
make all 
Building file: ../KEYPAD_program.c
Invoking: AVR Compiler
avr-gcc -I"D:\Microcontroller-Architecture-and-Interfacing-with-AVR\CTOS\ATmega32\LIB" -I"D:\Microcontroller-Architecture-and-Interfacing-with-AVR\CTOS\ATmega32\MCAL\DIO" -I"D:\Microcontroller-Architecture-and-Interfacing-with-AVR\CTOS\ATmega32\HAL\KEYPAD" -I"D:\Microcontroller-Architecture-and-Interfacing-with-AVR\CTOS\ATmega32\HAL\CLCD" -I"D:\Microcontroller-Architecture-and-Interfacing-with-AVR\CTOS\ATmega32\HAL\SWITCH" -Wall -g2 -gstabs -O0 -fpack-struct -fshort-enums -ffunction-sections -fdata-sections -std=gnu99 -funsigned-char -funsigned-bitfields -mmcu=atmega32 -DF_CPU=8000000UL -MMD -MP -MF"KEYPAD_program.d" -MT"KEYPAD_program.o" -c -o "KEYPAD_program.o" "../KEYPAD_program.c"
In file included from ../KEYPAD_program.c:17:
d:/01- embedded systems avr tools-20260212t180018z-1-001/01- embedded systems avr tools/01- imt sdk/imt_sdk_win_64/winavr/lib/gcc/../../avr/include/util/delay.h:90:3: warning: #warning "Compiler optimizations disabled; functions from <util/delay.h> won't work as designed"
Finished building: ../KEYPAD_program.c
 
Building file: ../main.c
Invoking: AVR Compiler
avr-gcc -I"D:\Microcontroller-Architecture-and-Interfacing-with-AVR\CTOS\ATmega32\LIB" -I"D:\Microcontroller-Architecture-and-Interfacing-with-AVR\CTOS\ATmega32\MCAL\DIO" -I"D:\Microcontroller-Architecture-and-Interfacing-with-AVR\CTOS\ATmega32\HAL\KEYPAD" -I"D:\Microcontroller-Architecture-and-Interfacing-with-AVR\CTOS\ATmega32\HAL\CLCD" -I"D:\Microcontroller-Architecture-and-Interfacing-with-AVR\CTOS\ATmega32\HAL\SWITCH" -Wall -g2 -gstabs -O0 -fpack-struct -fshort-enums -ffunction-sections -fdata-sections -std=gnu99 -funsigned-char -funsigned-bitfields -mmcu=atmega32 -DF_CPU=8000000UL -MMD -MP -MF"main.d" -MT"main.o" -c -o "main.o" "../main.c"
In file included from ../main.c:9:
d:/01- embedded systems avr tools-20260212t180018z-1-001/01- embedded systems avr tools/01- imt sdk/imt_sdk_win_64/winavr/lib/gcc/../../avr/include/util/delay.h:90:3: warning: #warning "Compiler optimizations disabled; functions from <util/delay.h> won't work as designed"
D:\Microcontroller-Architecture-and-Interfacing-with-AVR\CTOS\ATmega32\HAL\KEYPAD/KEYPAD_interface.h:19: warning: 'KPD_u8Buttons' defined but not used
Finished building: ../main.c
 
Building target: KEYPAD_test.elf
Invoking: AVR C Linker
avr-gcc -Wl,-Map,KEYPAD_test.map -mmcu=atmega32 -o "KEYPAD_test.elf"  ./CLCD_program.o ./DIO_program.o ./KEYPAD_program.o ./main.o   
Finished building target: KEYPAD_test.elf
 
Invoking: AVR Create Extended Listing
avr-objdump -h -S KEYPAD_test.elf  >"KEYPAD_test.lss"
Finished building: KEYPAD_test.lss
 
Create Flash image (ihex format)
avr-objcopy -R .eeprom -R .fuse -R .lock -R .signature -O ihex KEYPAD_test.elf  "KEYPAD_test.hex"
Finished building: KEYPAD_test.hex
 
Invoking: Print Size
avr-size --format=berkeley -t KEYPAD_test.elf
   text	   data	    bss	    dec	    hex	filename
  18842	    296	      0	  19138	   4ac2	KEYPAD_test.elf
  18842	    296	      0	  19138	   4ac2	(TOTALS)
Finished building: sizedummy
 
11:37:50 **** Incremental Build of configuration Debug for project LCD_test ****
make all 
Invoking: Print Size
avr-size --format=berkeley -t LCD_test.elf
   text	   data	    bss	    dec	    hex	filename
  19720	    278	      0	  19998	   4e1e	LCD_test.elf
  19720	    278	      0	  19998	   4e1e	(TOTALS)
Finished building: sizedummy
 
11:41:12 **** Incremental Build of configuration Debug for project KEYPAD_test ****
make all 
Building file: ../main.c
Invoking: AVR Compiler
avr-gcc -I"D:\Microcontroller-Architecture-and-Interfacing-with-AVR\CTOS\ATmega32\LIB" -I"D:\Microcontroller-Architecture-and-Interfacing-with-AVR\CTOS\ATmega32\MCAL\DIO" -I"D:\Microcontroller-Architecture-and-Interfacing-with-AVR\CTOS\ATmega32\HAL\KEYPAD" -I"D:\Microcontroller-Architecture-and-Interfacing-with-AVR\CTOS\ATmega32\HAL\CLCD" -I"D:\Microcontroller-Architecture-and-Interfacing-with-AVR\CTOS\ATmega32\HAL\SWITCH" -Wall -g2 -gstabs -O0 -fpack-struct -fshort-enums -ffunction-sections -fdata-sections -std=gnu99 -funsigned-char -funsigned-bitfields -mmcu=atmega32 -DF_CPU=8000000UL -MMD -MP -MF"main.d" -MT"main.o" -c -o "main.o" "../main.c"
In file included from ../main.c:9:
d:/01- embedded systems avr tools-20260212t180018z-1-001/01- embedded systems avr tools/01- imt sdk/imt_sdk_win_64/winavr/lib/gcc/../../avr/include/util/delay.h:90:3: warning: #warning "Compiler optimizations disabled; functions from <util/delay.h> won't work as designed"
../main.c: In function 'main':
../main.c:19: error: 's' undeclared (first use in this function)
../main.c:19: error: (Each undeclared identifier is reported only once
../main.c:19: error: for each function it appears in.)
../main.c:20: error: expected ';' before 'LCD_Init'
make: *** [main.o] Error 1
11:41:18 **** Incremental Build of configuration Debug for project LCD_test ****
make all 
Invoking: Print Size
avr-size --format=berkeley -t LCD_test.elf
   text	   data	    bss	    dec	    hex	filename
  19720	    278	      0	  19998	   4e1e	LCD_test.elf
  19720	    278	      0	  19998	   4e1e	(TOTALS)
Finished building: sizedummy
 
11:42:32 **** Incremental Build of configuration Debug for project KEYPAD_test ****
make all 
Building file: ../main.c
Invoking: AVR Compiler
avr-gcc -I"D:\Microcontroller-Architecture-and-Interfacing-with-AVR\CTOS\ATmega32\LIB" -I"D:\Microcontroller-Architecture-and-Interfacing-with-AVR\CTOS\ATmega32\MCAL\DIO" -I"D:\Microcontroller-Architecture-and-Interfacing-with-AVR\CTOS\ATmega32\HAL\KEYPAD" -I"D:\Microcontroller-Architecture-and-Interfacing-with-AVR\CTOS\ATmega32\HAL\CLCD" -I"D:\Microcontroller-Architecture-and-Interfacing-with-AVR\CTOS\ATmega32\HAL\SWITCH" -Wall -g2 -gstabs -O0 -fpack-struct -fshort-enums -ffunction-sections -fdata-sections -std=gnu99 -funsigned-char -funsigned-bitfields -mmcu=atmega32 -DF_CPU=8000000UL -MMD -MP -MF"main.d" -MT"main.o" -c -o "main.o" "../main.c"
In file included from ../main.c:9:
d:/01- embedded systems avr tools-20260212t180018z-1-001/01- embedded systems avr tools/01- imt sdk/imt_sdk_win_64/winavr/lib/gcc/../../avr/include/util/delay.h:90:3: warning: #warning "Compiler optimizations disabled; functions from <util/delay.h> won't work as designed"
../main.c: In function 'main':
../main.c:19: error: 's' undeclared (first use in this function)
../main.c:19: error: (Each undeclared identifier is reported only once
../main.c:19: error: for each function it appears in.)
../main.c:20: error: expected ';' before 'LCD_Init'
make: *** [main.o] Error 1
11:42:35 **** Incremental Build of configuration Debug for project LCD_test ****
make all 
Invoking: Print Size
avr-size --format=berkeley -t LCD_test.elf
   text	   data	    bss	    dec	    hex	filename
  19720	    278	      0	  19998	   4e1e	LCD_test.elf
  19720	    278	      0	  19998	   4e1e	(TOTALS)
Finished building: sizedummy
 
11:43:00 **** Incremental Build of configuration Debug for project KEYPAD_test ****
make all 
Building file: ../main.c
Invoking: AVR Compiler
avr-gcc -I"D:\Microcontroller-Architecture-and-Interfacing-with-AVR\CTOS\ATmega32\LIB" -I"D:\Microcontroller-Architecture-and-Interfacing-with-AVR\CTOS\ATmega32\MCAL\DIO" -I"D:\Microcontroller-Architecture-and-Interfacing-with-AVR\CTOS\ATmega32\HAL\KEYPAD" -I"D:\Microcontroller-Architecture-and-Interfacing-with-AVR\CTOS\ATmega32\HAL\CLCD" -I"D:\Microcontroller-Architecture-and-Interfacing-with-AVR\CTOS\ATmega32\HAL\SWITCH" -Wall -g2 -gstabs -O0 -fpack-struct -fshort-enums -ffunction-sections -fdata-sections -std=gnu99 -funsigned-char -funsigned-bitfields -mmcu=atmega32 -DF_CPU=8000000UL -MMD -MP -MF"main.d" -MT"main.o" -c -o "main.o" "../main.c"
In file included from ../main.c:9:
d:/01- embedded systems avr tools-20260212t180018z-1-001/01- embedded systems avr tools/01- imt sdk/imt_sdk_win_64/winavr/lib/gcc/../../avr/include/util/delay.h:90:3: warning: #warning "Compiler optimizations disabled; functions from <util/delay.h> won't work as designed"
../main.c: In function 'main':
../main.c:19: error: 's' undeclared (first use in this function)
../main.c:19: error: (Each undeclared identifier is reported only once
../main.c:19: error: for each function it appears in.)
../main.c:20: error: expected ';' before 'LCD_Init'
make: *** [main.o] Error 1
11:43:07 **** Incremental Build of configuration Debug for project KEYPAD_test ****
make all 
Building file: ../main.c
Invoking: AVR Compiler
avr-gcc -I"D:\Microcontroller-Architecture-and-Interfacing-with-AVR\CTOS\ATmega32\LIB" -I"D:\Microcontroller-Architecture-and-Interfacing-with-AVR\CTOS\ATmega32\MCAL\DIO" -I"D:\Microcontroller-Architecture-and-Interfacing-with-AVR\CTOS\ATmega32\HAL\KEYPAD" -I"D:\Microcontroller-Architecture-and-Interfacing-with-AVR\CTOS\ATmega32\HAL\CLCD" -I"D:\Microcontroller-Architecture-and-Interfacing-with-AVR\CTOS\ATmega32\HAL\SWITCH" -Wall -g2 -gstabs -O0 -fpack-struct -fshort-enums -ffunction-sections -fdata-sections -std=gnu99 -funsigned-char -funsigned-bitfields -mmcu=atmega32 -DF_CPU=8000000UL -MMD -MP -MF"main.d" -MT"main.o" -c -o "main.o" "../main.c"
In file included from ../main.c:9:
d:/01- embedded systems avr tools-20260212t180018z-1-001/01- embedded systems avr tools/01- imt sdk/imt_sdk_win_64/winavr/lib/gcc/../../avr/include/util/delay.h:90:3: warning: #warning "Compiler optimizations disabled; functions from <util/delay.h> won't work as designed"
D:\Microcontroller-Architecture-and-Interfacing-with-AVR\CTOS\ATmega32\HAL\KEYPAD/KEYPAD_interface.h:19: warning: 'KPD_u8Buttons' defined but not used
Finished building: ../main.c
 
Building target: KEYPAD_test.elf
Invoking: AVR C Linker
avr-gcc -Wl,-Map,KEYPAD_test.map -mmcu=atmega32 -o "KEYPAD_test.elf"  ./CLCD_program.o ./DIO_program.o ./KEYPAD_program.o ./main.o   
Finished building target: KEYPAD_test.elf
 
Invoking: AVR Create Extended Listing
avr-objdump -h -S KEYPAD_test.elf  >"KEYPAD_test.lss"
Finished building: KEYPAD_test.lss
 
Create Flash image (ihex format)
avr-objcopy -R .eeprom -R .fuse -R .lock -R .signature -O ihex KEYPAD_test.elf  "KEYPAD_test.hex"
Finished building: KEYPAD_test.hex
 
Invoking: Print Size
avr-size --format=berkeley -t KEYPAD_test.elf
   text	   data	    bss	    dec	    hex	filename
  18842	    296	      0	  19138	   4ac2	KEYPAD_test.elf
  18842	    296	      0	  19138	   4ac2	(TOTALS)
Finished building: sizedummy
 
11:43:31 **** Incremental Build of configuration Debug for project KEYPAD_test ****
make all 
Invoking: Print Size
avr-size --format=berkeley -t KEYPAD_test.elf
   text	   data	    bss	    dec	    hex	filename
  18842	    296	      0	  19138	   4ac2	KEYPAD_test.elf
  18842	    296	      0	  19138	   4ac2	(TOTALS)
Finished building: sizedummy
 
11:54:53 **** Incremental Build of configuration Debug for project KEYPAD_test ****
make all 
Building file: ../main.c
Invoking: AVR Compiler
avr-gcc -I"D:\Microcontroller-Architecture-and-Interfacing-with-AVR\CTOS\ATmega32\LIB" -I"D:\Microcontroller-Architecture-and-Interfacing-with-AVR\CTOS\ATmega32\MCAL\DIO" -I"D:\Microcontroller-Architecture-and-Interfacing-with-AVR\CTOS\ATmega32\HAL\KEYPAD" -I"D:\Microcontroller-Architecture-and-Interfacing-with-AVR\CTOS\ATmega32\HAL\CLCD" -I"D:\Microcontroller-Architecture-and-Interfacing-with-AVR\CTOS\ATmega32\HAL\SWITCH" -Wall -g2 -gstabs -O0 -fpack-struct -fshort-enums -ffunction-sections -fdata-sections -std=gnu99 -funsigned-char -funsigned-bitfields -mmcu=atmega32 -DF_CPU=8000000UL -MMD -MP -MF"main.d" -MT"main.o" -c -o "main.o" "../main.c"
In file included from ../main.c:9:
d:/01- embedded systems avr tools-20260212t180018z-1-001/01- embedded systems avr tools/01- imt sdk/imt_sdk_win_64/winavr/lib/gcc/../../avr/include/util/delay.h:90:3: warning: #warning "Compiler optimizations disabled; functions from <util/delay.h> won't work as designed"
D:\Microcontroller-Architecture-and-Interfacing-with-AVR\CTOS\ATmega32\HAL\KEYPAD/KEYPAD_interface.h:19: warning: 'KPD_u8Buttons' defined but not used
Finished building: ../main.c
 
Building target: KEYPAD_test.elf
Invoking: AVR C Linker
avr-gcc -Wl,-Map,KEYPAD_test.map -mmcu=atmega32 -o "KEYPAD_test.elf"  ./CLCD_program.o ./DIO_program.o ./KEYPAD_program.o ./main.o   
Finished building target: KEYPAD_test.elf
 
Invoking: AVR Create Extended Listing
avr-objdump -h -S KEYPAD_test.elf  >"KEYPAD_test.lss"
Finished building: KEYPAD_test.lss
 
Create Flash image (ihex format)
avr-objcopy -R .eeprom -R .fuse -R .lock -R .signature -O ihex KEYPAD_test.elf  "KEYPAD_test.hex"
Finished building: KEYPAD_test.hex
 
Invoking: Print Size
avr-size --format=berkeley -t KEYPAD_test.elf
   text	   data	    bss	    dec	    hex	filename
  18820	    296	      0	  19116	   4aac	KEYPAD_test.elf
  18820	    296	      0	  19116	   4aac	(TOTALS)
Finished building: sizedummy
 
11:55:15 **** Incremental Build of configuration Debug for project KEYPAD_test ****
make all 
Building file: ../main.c
Invoking: AVR Compiler
avr-gcc -I"D:\Microcontroller-Architecture-and-Interfacing-with-AVR\CTOS\ATmega32\LIB" -I"D:\Microcontroller-Architecture-and-Interfacing-with-AVR\CTOS\ATmega32\MCAL\DIO" -I"D:\Microcontroller-Architecture-and-Interfacing-with-AVR\CTOS\ATmega32\HAL\KEYPAD" -I"D:\Microcontroller-Architecture-and-Interfacing-with-AVR\CTOS\ATmega32\HAL\CLCD" -I"D:\Microcontroller-Architecture-and-Interfacing-with-AVR\CTOS\ATmega32\HAL\SWITCH" -Wall -g2 -gstabs -O0 -fpack-struct -fshort-enums -ffunction-sections -fdata-sections -std=gnu99 -funsigned-char -funsigned-bitfields -mmcu=atmega32 -DF_CPU=8000000UL -MMD -MP -MF"main.d" -MT"main.o" -c -o "main.o" "../main.c"
In file included from ../main.c:9:
d:/01- embedded systems avr tools-20260212t180018z-1-001/01- embedded systems avr tools/01- imt sdk/imt_sdk_win_64/winavr/lib/gcc/../../avr/include/util/delay.h:90:3: warning: #warning "Compiler optimizations disabled; functions from <util/delay.h> won't work as designed"
D:\Microcontroller-Architecture-and-Interfacing-with-AVR\CTOS\ATmega32\HAL\KEYPAD/KEYPAD_interface.h:19: warning: 'KPD_u8Buttons' defined but not used
Finished building: ../main.c
 
Building target: KEYPAD_test.elf
Invoking: AVR C Linker
avr-gcc -Wl,-Map,KEYPAD_test.map -mmcu=atmega32 -o "KEYPAD_test.elf"  ./CLCD_program.o ./DIO_program.o ./KEYPAD_program.o ./main.o   
Finished building target: KEYPAD_test.elf
 
Invoking: AVR Create Extended Listing
avr-objdump -h -S KEYPAD_test.elf  >"KEYPAD_test.lss"
Finished building: KEYPAD_test.lss
 
Create Flash image (ihex format)
avr-objcopy -R .eeprom -R .fuse -R .lock -R .signature -O ihex KEYPAD_test.elf  "KEYPAD_test.hex"
Finished building: KEYPAD_test.hex
 
Invoking: Print Size
avr-size --format=berkeley -t KEYPAD_test.elf
   text	   data	    bss	    dec	    hex	filename
  18820	    296	      0	  19116	   4aac	KEYPAD_test.elf
  18820	    296	      0	  19116	   4aac	(TOTALS)
Finished building: sizedummy
 
11:56:39 **** Incremental Build of configuration Debug for project KEYPAD_test ****
make all 
Invoking: Print Size
avr-size --format=berkeley -t KEYPAD_test.elf
   text	   data	    bss	    dec	    hex	filename
  18820	    296	      0	  19116	   4aac	KEYPAD_test.elf
  18820	    296	      0	  19116	   4aac	(TOTALS)
Finished building: sizedummy
 
11:56:41 **** Incremental Build of configuration Debug for project LCD_test ****
make all 
Invoking: Print Size
avr-size --format=berkeley -t LCD_test.elf
   text	   data	    bss	    dec	    hex	filename
  19720	    278	      0	  19998	   4e1e	LCD_test.elf
  19720	    278	      0	  19998	   4e1e	(TOTALS)
Finished building: sizedummy
 
11:56:45 **** Incremental Build of configuration Debug for project KEYPAD_test ****
make all 
Invoking: Print Size
avr-size --format=berkeley -t KEYPAD_test.elf
   text	   data	    bss	    dec	    hex	filename
  18820	    296	      0	  19116	   4aac	KEYPAD_test.elf
  18820	    296	      0	  19116	   4aac	(TOTALS)
Finished building: sizedummy
 
11:56:46 **** Incremental Build of configuration Debug for project LCD_test ****
make all 
Invoking: Print Size
avr-size --format=berkeley -t LCD_test.elf
   text	   data	    bss	    dec	    hex	filename
  19720	    278	      0	  19998	   4e1e	LCD_test.elf
  19720	    278	      0	  19998	   4e1e	(TOTALS)
Finished building: sizedummy
 
11:58:32 **** Incremental Build of configuration Debug for project KEYPAD_test ****
make all 
Invoking: Print Size
avr-size --format=berkeley -t KEYPAD_test.elf
   text	   data	    bss	    dec	    hex	filename
  18820	    296	      0	  19116	   4aac	KEYPAD_test.elf
  18820	    296	      0	  19116	   4aac	(TOTALS)
Finished building: sizedummy
 
11:58:39 **** Incremental Build of configuration Debug for project LCD_test ****
make all 
Invoking: Print Size
avr-size --format=berkeley -t LCD_test.elf
   text	   data	    bss	    dec	    hex	filename
  19720	    278	      0	  19998	   4e1e	LCD_test.elf
  19720	    278	      0	  19998	   4e1e	(TOTALS)
Finished building: sizedummy
 
11:59:06 **** Incremental Build of configuration Debug for project KEYPAD_test ****
make all 
Building file: ../main.c
Invoking: AVR Compiler
avr-gcc -I"D:\Microcontroller-Architecture-and-Interfacing-with-AVR\CTOS\ATmega32\LIB" -I"D:\Microcontroller-Architecture-and-Interfacing-with-AVR\CTOS\ATmega32\MCAL\DIO" -I"D:\Microcontroller-Architecture-and-Interfacing-with-AVR\CTOS\ATmega32\HAL\KEYPAD" -I"D:\Microcontroller-Architecture-and-Interfacing-with-AVR\CTOS\ATmega32\HAL\CLCD" -I"D:\Microcontroller-Architecture-and-Interfacing-with-AVR\CTOS\ATmega32\HAL\SWITCH" -Wall -g2 -gstabs -O0 -fpack-struct -fshort-enums -ffunction-sections -fdata-sections -std=gnu99 -funsigned-char -funsigned-bitfields -mmcu=atmega32 -DF_CPU=8000000UL -MMD -MP -MF"main.d" -MT"main.o" -c -o "main.o" "../main.c"
In file included from ../main.c:9:
d:/01- embedded systems avr tools-20260212t180018z-1-001/01- embedded systems avr tools/01- imt sdk/imt_sdk_win_64/winavr/lib/gcc/../../avr/include/util/delay.h:90:3: warning: #warning "Compiler optimizations disabled; functions from <util/delay.h> won't work as designed"
D:\Microcontroller-Architecture-and-Interfacing-with-AVR\CTOS\ATmega32\HAL\KEYPAD/KEYPAD_interface.h:19: warning: 'KPD_u8Buttons' defined but not used
Finished building: ../main.c
 
Building target: KEYPAD_test.elf
Invoking: AVR C Linker
avr-gcc -Wl,-Map,KEYPAD_test.map -mmcu=atmega32 -o "KEYPAD_test.elf"  ./CLCD_program.o ./DIO_program.o ./KEYPAD_program.o ./main.o   
Finished building target: KEYPAD_test.elf
 
Invoking: AVR Create Extended Listing
avr-objdump -h -S KEYPAD_test.elf  >"KEYPAD_test.lss"
Finished building: KEYPAD_test.lss
 
Create Flash image (ihex format)
avr-objcopy -R .eeprom -R .fuse -R .lock -R .signature -O ihex KEYPAD_test.elf  "KEYPAD_test.hex"
Finished building: KEYPAD_test.hex
 
Invoking: Print Size
avr-size --format=berkeley -t KEYPAD_test.elf
   text	   data	    bss	    dec	    hex	filename
  18842	    296	      0	  19138	   4ac2	KEYPAD_test.elf
  18842	    296	      0	  19138	   4ac2	(TOTALS)
Finished building: sizedummy
 
12:01:03 **** Incremental Build of configuration Debug for project KEYPAD_test ****
make all 
Invoking: Print Size
avr-size --format=berkeley -t KEYPAD_test.elf
   text	   data	    bss	    dec	    hex	filename
  18842	    296	      0	  19138	   4ac2	KEYPAD_test.elf
  18842	    296	      0	  19138	   4ac2	(TOTALS)
Finished building: sizedummy
 
12:12:14 **** Incremental Build of configuration Debug for project KEYPAD_test ****
make all 
Building file: ../main.c
Invoking: AVR Compiler
avr-gcc -I"D:\Microcontroller-Architecture-and-Interfacing-with-AVR\CTOS\ATmega32\LIB" -I"D:\Microcontroller-Architecture-and-Interfacing-with-AVR\CTOS\ATmega32\MCAL\DIO" -I"D:\Microcontroller-Architecture-and-Interfacing-with-AVR\CTOS\ATmega32\HAL\KEYPAD" -I"D:\Microcontroller-Architecture-and-Interfacing-with-AVR\CTOS\ATmega32\HAL\CLCD" -I"D:\Microcontroller-Architecture-and-Interfacing-with-AVR\CTOS\ATmega32\HAL\SWITCH" -Wall -g2 -gstabs -O0 -fpack-struct -fshort-enums -ffunction-sections -fdata-sections -std=gnu99 -funsigned-char -funsigned-bitfields -mmcu=atmega32 -DF_CPU=8000000UL -MMD -MP -MF"main.d" -MT"main.o" -c -o "main.o" "../main.c"
In file included from ../main.c:9:
d:/01- embedded systems avr tools-20260212t180018z-1-001/01- embedded systems avr tools/01- imt sdk/imt_sdk_win_64/winavr/lib/gcc/../../avr/include/util/delay.h:90:3: warning: #warning "Compiler optimizations disabled; functions from <util/delay.h> won't work as designed"
D:\Microcontroller-Architecture-and-Interfacing-with-AVR\CTOS\ATmega32\HAL\KEYPAD/KEYPAD_interface.h:19: warning: 'KPD_u8Buttons' defined but not used
Finished building: ../main.c
 
Building target: KEYPAD_test.elf
Invoking: AVR C Linker
avr-gcc -Wl,-Map,KEYPAD_test.map -mmcu=atmega32 -o "KEYPAD_test.elf"  ./CLCD_program.o ./DIO_program.o ./KEYPAD_program.o ./main.o   
Finished building target: KEYPAD_test.elf
 
Invoking: AVR Create Extended Listing
avr-objdump -h -S KEYPAD_test.elf  >"KEYPAD_test.lss"
Finished building: KEYPAD_test.lss
 
Create Flash image (ihex format)
avr-objcopy -R .eeprom -R .fuse -R .lock -R .signature -O ihex KEYPAD_test.elf  "KEYPAD_test.hex"
Finished building: KEYPAD_test.hex
 
Invoking: Print Size
avr-size --format=berkeley -t KEYPAD_test.elf
   text	   data	    bss	    dec	    hex	filename
  18842	    296	      0	  19138	   4ac2	KEYPAD_test.elf
  18842	    296	      0	  19138	   4ac2	(TOTALS)
Finished building: sizedummy
 
12:12:37 **** Incremental Build of configuration Debug for project KEYPAD_test ****
make all 
Invoking: Print Size
avr-size --format=berkeley -t KEYPAD_test.elf
   text	   data	    bss	    dec	    hex	filename
  18842	    296	      0	  19138	   4ac2	KEYPAD_test.elf
  18842	    296	      0	  19138	   4ac2	(TOTALS)
Finished building: sizedummy
 
12:14:39 **** Incremental Build of configuration Debug for project KEYPAD_test ****
make all 
Invoking: Print Size
avr-size --format=berkeley -t KEYPAD_test.elf
   text	   data	    bss	    dec	    hex	filename
  18842	    296	      0	  19138	   4ac2	KEYPAD_test.elf
  18842	    296	      0	  19138	   4ac2	(TOTALS)
Finished building: sizedummy
 
12:14:44 **** Incremental Build of configuration Debug for project LCD_test ****
make all 
Invoking: Print Size
avr-size --format=berkeley -t LCD_test.elf
   text	   data	    bss	    dec	    hex	filename
  19720	    278	      0	  19998	   4e1e	LCD_test.elf
  19720	    278	      0	  19998	   4e1e	(TOTALS)
Finished building: sizedummy
 
12:16:27 **** Incremental Build of configuration Debug for project KEYPAD_test ****
make all 
Building file: ../main.c
Invoking: AVR Compiler
avr-gcc -I"D:\Microcontroller-Architecture-and-Interfacing-with-AVR\CTOS\ATmega32\LIB" -I"D:\Microcontroller-Architecture-and-Interfacing-with-AVR\CTOS\ATmega32\MCAL\DIO" -I"D:\Microcontroller-Architecture-and-Interfacing-with-AVR\CTOS\ATmega32\HAL\KEYPAD" -I"D:\Microcontroller-Architecture-and-Interfacing-with-AVR\CTOS\ATmega32\HAL\CLCD" -I"D:\Microcontroller-Architecture-and-Interfacing-with-AVR\CTOS\ATmega32\HAL\SWITCH" -Wall -g2 -gstabs -O0 -fpack-struct -fshort-enums -ffunction-sections -fdata-sections -std=gnu99 -funsigned-char -funsigned-bitfields -mmcu=atmega32 -DF_CPU=8000000UL -MMD -MP -MF"main.d" -MT"main.o" -c -o "main.o" "../main.c"
In file included from ../main.c:9:
d:/01- embedded systems avr tools-20260212t180018z-1-001/01- embedded systems avr tools/01- imt sdk/imt_sdk_win_64/winavr/lib/gcc/../../avr/include/util/delay.h:90:3: warning: #warning "Compiler optimizations disabled; functions from <util/delay.h> won't work as designed"
D:\Microcontroller-Architecture-and-Interfacing-with-AVR\CTOS\ATmega32\HAL\KEYPAD/KEYPAD_interface.h:19: warning: 'KPD_u8Buttons' defined but not used
Finished building: ../main.c
 
Building target: KEYPAD_test.elf
Invoking: AVR C Linker
avr-gcc -Wl,-Map,KEYPAD_test.map -mmcu=atmega32 -o "KEYPAD_test.elf"  ./CLCD_program.o ./DIO_program.o ./KEYPAD_program.o ./main.o   
Finished building target: KEYPAD_test.elf
 
Invoking: AVR Create Extended Listing
avr-objdump -h -S KEYPAD_test.elf  >"KEYPAD_test.lss"
Finished building: KEYPAD_test.lss
 
Create Flash image (ihex format)
avr-objcopy -R .eeprom -R .fuse -R .lock -R .signature -O ihex KEYPAD_test.elf  "KEYPAD_test.hex"
Finished building: KEYPAD_test.hex
 
Invoking: Print Size
avr-size --format=berkeley -t KEYPAD_test.elf
   text	   data	    bss	    dec	    hex	filename
  18856	    296	      0	  19152	   4ad0	KEYPAD_test.elf
  18856	    296	      0	  19152	   4ad0	(TOTALS)
Finished building: sizedummy
 
12:16:41 **** Incremental Build of configuration Debug for project LCD_test ****
make all 
Invoking: Print Size
avr-size --format=berkeley -t LCD_test.elf
   text	   data	    bss	    dec	    hex	filename
  19720	    278	      0	  19998	   4e1e	LCD_test.elf
  19720	    278	      0	  19998	   4e1e	(TOTALS)
Finished building: sizedummy
 
12:16:43 **** Incremental Build of configuration Debug for project KEYPAD_test ****
make all 
Building file: ../main.c
Invoking: AVR Compiler
avr-gcc -I"D:\Microcontroller-Architecture-and-Interfacing-with-AVR\CTOS\ATmega32\LIB" -I"D:\Microcontroller-Architecture-and-Interfacing-with-AVR\CTOS\ATmega32\MCAL\DIO" -I"D:\Microcontroller-Architecture-and-Interfacing-with-AVR\CTOS\ATmega32\HAL\KEYPAD" -I"D:\Microcontroller-Architecture-and-Interfacing-with-AVR\CTOS\ATmega32\HAL\CLCD" -I"D:\Microcontroller-Architecture-and-Interfacing-with-AVR\CTOS\ATmega32\HAL\SWITCH" -Wall -g2 -gstabs -O0 -fpack-struct -fshort-enums -ffunction-sections -fdata-sections -std=gnu99 -funsigned-char -funsigned-bitfields -mmcu=atmega32 -DF_CPU=8000000UL -MMD -MP -MF"main.d" -MT"main.o" -c -o "main.o" "../main.c"
In file included from ../main.c:9:
d:/01- embedded systems avr tools-20260212t180018z-1-001/01- embedded systems avr tools/01- imt sdk/imt_sdk_win_64/winavr/lib/gcc/../../avr/include/util/delay.h:90:3: warning: #warning "Compiler optimizations disabled; functions from <util/delay.h> won't work as designed"
../main.c: In function 'main':
../main.c:22: warning: passing argument 1 of 'LCD_Send_Data' makes integer from pointer without a cast
../main.c: At top level:
D:\Microcontroller-Architecture-and-Interfacing-with-AVR\CTOS\ATmega32\HAL\KEYPAD/KEYPAD_interface.h:19: warning: 'KPD_u8Buttons' defined but not used
Finished building: ../main.c
 
Building target: KEYPAD_test.elf
Invoking: AVR C Linker
avr-gcc -Wl,-Map,KEYPAD_test.map -mmcu=atmega32 -o "KEYPAD_test.elf"  ./CLCD_program.o ./DIO_program.o ./KEYPAD_program.o ./main.o   
Finished building target: KEYPAD_test.elf
 
Invoking: AVR Create Extended Listing
avr-objdump -h -S KEYPAD_test.elf  >"KEYPAD_test.lss"
Finished building: KEYPAD_test.lss
 
Create Flash image (ihex format)
avr-objcopy -R .eeprom -R .fuse -R .lock -R .signature -O ihex KEYPAD_test.elf  "KEYPAD_test.hex"
Finished building: KEYPAD_test.hex
 
Invoking: Print Size
avr-size --format=berkeley -t KEYPAD_test.elf
   text	   data	    bss	    dec	    hex	filename
  18858	    298	      0	  19156	   4ad4	KEYPAD_test.elf
  18858	    298	      0	  19156	   4ad4	(TOTALS)
Finished building: sizedummy
 
[...]
 
11:42:20 **** Incremental Build of configuration Debug for project DIO_test ****
make all 
Invoking: Print Size
avr-size --format=avr --mcu=atmega32 DIO_test.elf
AVR Memory Usage
----------------
Device: atmega32

Program:    7328 bytes (22.4% Full)
(.text + .data + .bootloader)

Data:         44 bytes (2.1% Full)
(.data + .bss + .noinit)


Finished building: sizedummy
 
11:45:32 **** Incremental Build of configuration Debug for project DIO_test ****
make all 
Building file: ../main.c
Invoking: AVR Compiler
avr-gcc -I"D:\Microcontroller-Architecture-and-Interfacing-with-AVR\CTOS\ATmega32\LIB" -I"D:\Microcontroller-Architecture-and-Interfacing-with-AVR\CTOS\ATmega32\MCAL\GIE" -I"D:\Microcontroller-Architecture-and-Interfacing-with-AVR\CTOS\ATmega32\MCAL\EXTI" -I"D:\Microcontroller-Architecture-and-Interfacing-with-AVR\CTOS\ATmega32\HAL\SWITCH" -I"D:\Microcontroller-Architecture-and-Interfacing-with-AVR\CTOS\ATmega32\HAL\7SEGMENT" -I"D:\Microcontroller-Architecture-and-Interfacing-with-AVR\CTOS\ATmega32\HAL\BUZZER" -I"D:\Microcontroller-Architecture-and-Interfacing-with-AVR\CTOS\ATmega32\HAL\LED" -I"D:\Microcontroller-Architecture-and-Interfacing-with-AVR\CTOS\ATmega32\MCAL\DIO" -Wall -g2 -gstabs -O0 -fpack-struct -fshort-enums -ffunction-sections -fdata-sections -std=gnu99 -funsigned-char -funsigned-bitfields -mmcu=atmega32 -DF_CPU=8000000UL -MMD -MP -MF"main.d" -MT"main.o" -c -o "main.o" "../main.c"
In file included from ../main.c:8:
d:/01- embedded systems avr tools-20260212t180018z-1-001/01- embedded systems avr tools/01- imt sdk/imt_sdk_win_64/winavr/lib/gcc/../../avr/include/util/delay.h:90:3: warning: #warning "Compiler optimizations disabled; functions from <util/delay.h> won't work as designed"
../main.c: In function 'main':
../main.c:52: warning: statement with no effect
../main.c:52: error: expected ';' before 'EXTI_voidSetCallBack'
make: *** [main.o] Error 1
11:46:24 **** Incremental Build of configuration Debug for project DIO_test ****
make all 
Building file: ../main.c
Invoking: AVR Compiler
avr-gcc -I"D:\Microcontroller-Architecture-and-Interfacing-with-AVR\CTOS\ATmega32\LIB" -I"D:\Microcontroller-Architecture-and-Interfacing-with-AVR\CTOS\ATmega32\MCAL\GIE" -I"D:\Microcontroller-Architecture-and-Interfacing-with-AVR\CTOS\ATmega32\MCAL\EXTI" -I"D:\Microcontroller-Architecture-and-Interfacing-with-AVR\CTOS\ATmega32\HAL\SWITCH" -I"D:\Microcontroller-Architecture-and-Interfacing-with-AVR\CTOS\ATmega32\HAL\7SEGMENT" -I"D:\Microcontroller-Architecture-and-Interfacing-with-AVR\CTOS\ATmega32\HAL\BUZZER" -I"D:\Microcontroller-Architecture-and-Interfacing-with-AVR\CTOS\ATmega32\HAL\LED" -I"D:\Microcontroller-Architecture-and-Interfacing-with-AVR\CTOS\ATmega32\MCAL\DIO" -Wall -g2 -gstabs -O0 -fpack-struct -fshort-enums -ffunction-sections -fdata-sections -std=gnu99 -funsigned-char -funsigned-bitfields -mmcu=atmega32 -DF_CPU=8000000UL -MMD -MP -MF"main.d" -MT"main.o" -c -o "main.o" "../main.c"
In file included from ../main.c:8:
d:/01- embedded systems avr tools-20260212t180018z-1-001/01- embedded systems avr tools/01- imt sdk/imt_sdk_win_64/winavr/lib/gcc/../../avr/include/util/delay.h:90:3: warning: #warning "Compiler optimizations disabled; functions from <util/delay.h> won't work as designed"
Finished building: ../main.c
 
Building target: DIO_test.elf
Invoking: AVR C Linker
avr-gcc -Wl,-Map,DIO_test.map -mmcu=atmega32 -o "DIO_test.elf"  ./7SEGMENT.o ./BUZZER.o ./DIO_program.o ./EXTI_program.o ./GIE_program.o ./LED.o ./SWITCH.o ./main.o   
Finished building target: DIO_test.elf
 
Invoking: AVR Create Extended Listing
avr-objdump -h -S DIO_test.elf  >"DIO_test.lss"
Finished building: DIO_test.lss
 
Create Flash image (ihex format)
avr-objcopy -R .eeprom -R .fuse -R .lock -R .signature -O ihex DIO_test.elf  "DIO_test.hex"
Finished building: DIO_test.hex
 
Invoking: Print Size
avr-size --format=avr --mcu=atmega32 DIO_test.elf
AVR Memory Usage
----------------
Device: atmega32

Program:    7332 bytes (22.4% Full)
(.text + .data + .bootloader)

Data:         44 bytes (2.1% Full)
(.data + .bss + .noinit)


Finished building: sizedummy
 
11:47:56 **** Incremental Build of configuration Debug for project DIO_test ****
make all 
Invoking: Print Size
avr-size --format=avr --mcu=atmega32 DIO_test.elf
AVR Memory Usage
----------------
Device: atmega32

Program:    7332 bytes (22.4% Full)
(.text + .data + .bootloader)

Data:         44 bytes (2.1% Full)
(.data + .bss + .noinit)


Finished building: sizedummy
 
11:48:08 **** Incremental Build of configuration Debug for project DIO_test ****
make all 
Invoking: Print Size
avr-size --format=avr --mcu=atmega32 DIO_test.elf
AVR Memory Usage
----------------
Device: atmega32

Program:    7332 bytes (22.4% Full)
(.text + .data + .bootloader)

Data:         44 bytes (2.1% Full)
(.data + .bss + .noinit)


Finished building: sizedummy
 
11:52:10 **** Incremental Build of configuration Debug for project DIO_test ****
make all 
Building file: ../EXTI_program.c
Invoking: AVR Compiler
avr-gcc -I"D:\Microcontroller-Architecture-and-Interfacing-with-AVR\CTOS\ATmega32\LIB" -I"D:\Microcontroller-Architecture-and-Interfacing-with-AVR\CTOS\ATmega32\MCAL\GIE" -I"D:\Microcontroller-Architecture-and-Interfacing-with-AVR\CTOS\ATmega32\MCAL\EXTI" -I"D:\Microcontroller-Architecture-and-Interfacing-with-AVR\CTOS\ATmega32\HAL\SWITCH" -I"D:\Microcontroller-Architecture-and-Interfacing-with-AVR\CTOS\ATmega32\HAL\7SEGMENT" -I"D:\Microcontroller-Architecture-and-Interfacing-with-AVR\CTOS\ATmega32\HAL\BUZZER" -I"D:\Microcontroller-Architecture-and-Interfacing-with-AVR\CTOS\ATmega32\HAL\LED" -I"D:\Microcontroller-Architecture-and-Interfacing-with-AVR\CTOS\ATmega32\MCAL\DIO" -Wall -g2 -gstabs -O0 -fpack-struct -fshort-enums -ffunction-sections -fdata-sections -std=gnu99 -funsigned-char -funsigned-bitfields -mmcu=atmega32 -DF_CPU=8000000UL -MMD -MP -MF"EXTI_program.d" -MT"EXTI_program.o" -c -o "EXTI_program.o" "../EXTI_program.c"
../EXTI_program.c:42:3: error: #elif without #if
../EXTI_program.c:62:3: error: #elif without #if
../EXTI_program.c:74:3: error: #else without #if
../EXTI_program.c:75:5: error: #error "Wrong INT0_SENSE configuration option"
../EXTI_program.c:77:3: error: #endif without #if
../EXTI_program.c:79:2: error: #endif without #if
../EXTI_program.c:131: error: expected declaration specifiers or '...' before '*' token
../EXTI_program.c:131: error: 'type name' declared as function returning a function
../EXTI_program.c:131: error: conflicting types for 'EXTI_voidSetCallBack'
D:\Microcontroller-Architecture-and-Interfacing-with-AVR\CTOS\ATmega32\MCAL\EXTI/EXTI_interface.h:37: error: previous declaration of 'EXTI_voidSetCallBack' was here
../EXTI_program.c: In function 'EXTI_voidSetCallBack':
../EXTI_program.c:131: error: parameter name omitted
../EXTI_program.c:133: error: 'Copy_pvoidCallBack' undeclared (first use in this function)
../EXTI_program.c:133: error: (Each undeclared identifier is reported only once
../EXTI_program.c:133: error: for each function it appears in.)
../EXTI_program.c:135: error: 'Copy_u8EXTILine' undeclared (first use in this function)
make: *** [EXTI_program.o] Error 1
11:53:12 **** Incremental Build of configuration Debug for project DIO_test ****
make all 
Building file: ../EXTI_program.c
Invoking: AVR Compiler
avr-gcc -I"D:\Microcontroller-Architecture-and-Interfacing-with-AVR\CTOS\ATmega32\LIB" -I"D:\Microcontroller-Architecture-and-Interfacing-with-AVR\CTOS\ATmega32\MCAL\GIE" -I"D:\Microcontroller-Architecture-and-Interfacing-with-AVR\CTOS\ATmega32\MCAL\EXTI" -I"D:\Microcontroller-Architecture-and-Interfacing-with-AVR\CTOS\ATmega32\HAL\SWITCH" -I"D:\Microcontroller-Architecture-and-Interfacing-with-AVR\CTOS\ATmega32\HAL\7SEGMENT" -I"D:\Microcontroller-Architecture-and-Interfacing-with-AVR\CTOS\ATmega32\HAL\BUZZER" -I"D:\Microcontroller-Architecture-and-Interfacing-with-AVR\CTOS\ATmega32\HAL\LED" -I"D:\Microcontroller-Architecture-and-Interfacing-with-AVR\CTOS\ATmega32\MCAL\DIO" -Wall -g2 -gstabs -O0 -fpack-struct -fshort-enums -ffunction-sections -fdata-sections -std=gnu99 -funsigned-char -funsigned-bitfields -mmcu=atmega32 -DF_CPU=8000000UL -MMD -MP -MF"EXTI_program.d" -MT"EXTI_program.o" -c -o "EXTI_program.o" "../EXTI_program.c"
../EXTI_program.c:127: error: expected declaration specifiers or '...' before '*' token
../EXTI_program.c:127: error: 'type name' declared as function returning a function
../EXTI_program.c:127: error: conflicting types for 'EXTI_voidSetCallBack'
D:\Microcontroller-Architecture-and-Interfacing-with-AVR\CTOS\ATmega32\MCAL\EXTI/EXTI_interface.h:37: error: previous declaration of 'EXTI_voidSetCallBack' was here
../EXTI_program.c: In function 'EXTI_voidSetCallBack':
../EXTI_program.c:127: error: parameter name omitted
../EXTI_program.c:129: error: 'Copy_pvoidCallBack' undeclared (first use in this function)
../EXTI_program.c:129: error: (Each undeclared identifier is reported only once
../EXTI_program.c:129: error: for each function it appears in.)
../EXTI_program.c:131: error: 'Copy_u8EXTILine' undeclared (first use in this function)
make: *** [EXTI_program.o] Error 1
11:53:48 **** Incremental Build of configuration Debug for project DIO_test ****
make all 
Building file: ../EXTI_program.c
Invoking: AVR Compiler
avr-gcc -I"D:\Microcontroller-Architecture-and-Interfacing-with-AVR\CTOS\ATmega32\LIB" -I"D:\Microcontroller-Architecture-and-Interfacing-with-AVR\CTOS\ATmega32\MCAL\GIE" -I"D:\Microcontroller-Architecture-and-Interfacing-with-AVR\CTOS\ATmega32\MCAL\EXTI" -I"D:\Microcontroller-Architecture-and-Interfacing-with-AVR\CTOS\ATmega32\HAL\SWITCH" -I"D:\Microcontroller-Architecture-and-Interfacing-with-AVR\CTOS\ATmega32\HAL\7SEGMENT" -I"D:\Microcontroller-Architecture-and-Interfacing-with-AVR\CTOS\ATmega32\HAL\BUZZER" -I"D:\Microcontroller-Architecture-and-Interfacing-with-AVR\CTOS\ATmega32\HAL\LED" -I"D:\Microcontroller-Architecture-and-Interfacing-with-AVR\CTOS\ATmega32\MCAL\DIO" -Wall -g2 -gstabs -O0 -fpack-struct -fshort-enums -ffunction-sections -fdata-sections -std=gnu99 -funsigned-char -funsigned-bitfields -mmcu=atmega32 -DF_CPU=8000000UL -MMD -MP -MF"EXTI_program.d" -MT"EXTI_program.o" -c -o "EXTI_program.o" "../EXTI_program.c"
Finished building: ../EXTI_program.c
 
Building target: DIO_test.elf
Invoking: AVR C Linker
avr-gcc -Wl,-Map,DIO_test.map -mmcu=atmega32 -o "DIO_test.elf"  ./7SEGMENT.o ./BUZZER.o ./DIO_program.o ./EXTI_program.o ./GIE_program.o ./LED.o ./SWITCH.o ./main.o   
Finished building target: DIO_test.elf
 
Invoking: AVR Create Extended Listing
avr-objdump -h -S DIO_test.elf  >"DIO_test.lss"
Finished building: DIO_test.lss
 
Create Flash image (ihex format)
avr-objcopy -R .eeprom -R .fuse -R .lock -R .signature -O ihex DIO_test.elf  "DIO_test.hex"
Finished building: DIO_test.hex
 
Invoking: Print Size
avr-size --format=avr --mcu=atmega32 DIO_test.elf
AVR Memory Usage
----------------
Device: atmega32

Program:    7402 bytes (22.6% Full)
(.text + .data + .bootloader)

Data:         44 bytes (2.1% Full)
(.data + .bss + .noinit)


Finished building: sizedummy
 
11:54:03 **** Incremental Build of configuration Debug for project DIO_test ****
make all 
Invoking: Print Size
avr-size --format=avr --mcu=atmega32 DIO_test.elf
AVR Memory Usage
----------------
Device: atmega32

Program:    7402 bytes (22.6% Full)
(.text + .data + .bootloader)

Data:         44 bytes (2.1% Full)
(.data + .bss + .noinit)


Finished building: sizedummy
 
11:56:50 **** Incremental Build of configuration Debug for project DIO_test ****
make all 
Building file: ../main.c
Invoking: AVR Compiler
avr-gcc -I"D:\Microcontroller-Architecture-and-Interfacing-with-AVR\CTOS\ATmega32\LIB" -I"D:\Microcontroller-Architecture-and-Interfacing-with-AVR\CTOS\ATmega32\MCAL\GIE" -I"D:\Microcontroller-Architecture-and-Interfacing-with-AVR\CTOS\ATmega32\MCAL\EXTI" -I"D:\Microcontroller-Architecture-and-Interfacing-with-AVR\CTOS\ATmega32\HAL\SWITCH" -I"D:\Microcontroller-Architecture-and-Interfacing-with-AVR\CTOS\ATmega32\HAL\7SEGMENT" -I"D:\Microcontroller-Architecture-and-Interfacing-with-AVR\CTOS\ATmega32\HAL\BUZZER" -I"D:\Microcontroller-Architecture-and-Interfacing-with-AVR\CTOS\ATmega32\HAL\LED" -I"D:\Microcontroller-Architecture-and-Interfacing-with-AVR\CTOS\ATmega32\MCAL\DIO" -Wall -g2 -gstabs -O0 -fpack-struct -fshort-enums -ffunction-sections -fdata-sections -std=gnu99 -funsigned-char -funsigned-bitfields -mmcu=atmega32 -DF_CPU=8000000UL -MMD -MP -MF"main.d" -MT"main.o" -c -o "main.o" "../main.c"
In file included from ../main.c:8:
d:/01- embedded systems avr tools-20260212t180018z-1-001/01- embedded systems avr tools/01- imt sdk/imt_sdk_win_64/winavr/lib/gcc/../../avr/include/util/delay.h:90:3: warning: #warning "Compiler optimizations disabled; functions from <util/delay.h> won't work as designed"
Finished building: ../main.c
 
Building target: DIO_test.elf
Invoking: AVR C Linker
avr-gcc -Wl,-Map,DIO_test.map -mmcu=atmega32 -o "DIO_test.elf"  ./7SEGMENT.o ./BUZZER.o ./DIO_program.o ./EXTI_program.o ./GIE_program.o ./LED.o ./SWITCH.o ./main.o   
Finished building target: DIO_test.elf
 
Invoking: AVR Create Extended Listing
avr-objdump -h -S DIO_test.elf  >"DIO_test.lss"
Finished building: DIO_test.lss
 
Create Flash image (ihex format)
avr-objcopy -R .eeprom -R .fuse -R .lock -R .signature -O ihex DIO_test.elf  "DIO_test.hex"
Finished building: DIO_test.hex
 
Invoking: Print Size
avr-size --format=avr --mcu=atmega32 DIO_test.elf
AVR Memory Usage
----------------
Device: atmega32

Program:    7418 bytes (22.6% Full)
(.text + .data + .bootloader)

Data:         44 bytes (2.1% Full)
(.data + .bss + .noinit)


Finished building: sizedummy
 
11:57:12 **** Incremental Build of configuration Debug for project DIO_test ****
make all 
Invoking: Print Size
avr-size --format=avr --mcu=atmega32 DIO_test.elf
AVR Memory Usage
----------------
Device: atmega32

Program:    7418 bytes (22.6% Full)
(.text + .data + .bootloader)

Data:         44 bytes (2.1% Full)
(.data + .bss + .noinit)


Finished building: sizedummy
 
12:05:30 **** Incremental Build of configuration Debug for project DIO_test ****
make all 
Building file: ../EXTI_program.c
Invoking: AVR Compiler
avr-gcc -I"D:\Microcontroller-Architecture-and-Interfacing-with-AVR\CTOS\ATmega32\LIB" -I"D:\Microcontroller-Architecture-and-Interfacing-with-AVR\CTOS\ATmega32\MCAL\GIE" -I"D:\Microcontroller-Architecture-and-Interfacing-with-AVR\CTOS\ATmega32\MCAL\EXTI" -I"D:\Microcontroller-Architecture-and-Interfacing-with-AVR\CTOS\ATmega32\HAL\SWITCH" -I"D:\Microcontroller-Architecture-and-Interfacing-with-AVR\CTOS\ATmega32\HAL\7SEGMENT" -I"D:\Microcontroller-Architecture-and-Interfacing-with-AVR\CTOS\ATmega32\HAL\BUZZER" -I"D:\Microcontroller-Architecture-and-Interfacing-with-AVR\CTOS\ATmega32\HAL\LED" -I"D:\Microcontroller-Architecture-and-Interfacing-with-AVR\CTOS\ATmega32\MCAL\DIO" -Wall -g2 -gstabs -O0 -fpack-struct -fshort-enums -ffunction-sections -fdata-sections -std=gnu99 -funsigned-char -funsigned-bitfields -mmcu=atmega32 -DF_CPU=8000000UL -MMD -MP -MF"EXTI_program.d" -MT"EXTI_program.o" -c -o "EXTI_program.o" "../EXTI_program.c"
Finished building: ../EXTI_program.c
 
Building target: DIO_test.elf
Invoking: AVR C Linker
avr-gcc -Wl,-Map,DIO_test.map -mmcu=atmega32 -o "DIO_test.elf"  ./7SEGMENT.o ./BUZZER.o ./DIO_program.o ./EXTI_program.o ./GIE_program.o ./LED.o ./SWITCH.o ./main.o   
Finished building target: DIO_test.elf
 
Invoking: AVR Create Extended Listing
avr-objdump -h -S DIO_test.elf  >"DIO_test.lss"
Finished building: DIO_test.lss
 
Create Flash image (ihex format)
avr-objcopy -R .eeprom -R .fuse -R .lock -R .signature -O ihex DIO_test.elf  "DIO_test.hex"
Finished building: DIO_test.hex
 
Invoking: Print Size
avr-size --format=avr --mcu=atmega32 DIO_test.elf
AVR Memory Usage
----------------
Device: atmega32

Program:    7458 bytes (22.8% Full)
(.text + .data + .bootloader)

Data:         44 bytes (2.1% Full)
(.data + .bss + .noinit)


Finished building: sizedummy
 
12:05:59 **** Incremental Build of configuration Debug for project DIO_test ****
make all 
Invoking: Print Size
avr-size --format=avr --mcu=atmega32 DIO_test.elf
AVR Memory Usage
----------------
Device: atmega32

Program:    7458 bytes (22.8% Full)
(.text + .data + .bootloader)

Data:         44 bytes (2.1% Full)
(.data + .bss + .noinit)


Finished building: sizedummy
 
12:23:52 **** Incremental Build of configuration Debug for project DIO_test ****
make all 
Building file: ../EXTI_program.c
Invoking: AVR Compiler
avr-gcc -I"D:\Microcontroller-Architecture-and-Interfacing-with-AVR\CTOS\ATmega32\LIB" -I"D:\Microcontroller-Architecture-and-Interfacing-with-AVR\CTOS\ATmega32\MCAL\GIE" -I"D:\Microcontroller-Architecture-and-Interfacing-with-AVR\CTOS\ATmega32\MCAL\EXTI" -I"D:\Microcontroller-Architecture-and-Interfacing-with-AVR\CTOS\ATmega32\HAL\SWITCH" -I"D:\Microcontroller-Architecture-and-Interfacing-with-AVR\CTOS\ATmega32\HAL\7SEGMENT" -I"D:\Microcontroller-Architecture-and-Interfacing-with-AVR\CTOS\ATmega32\HAL\BUZZER" -I"D:\Microcontroller-Architecture-and-Interfacing-with-AVR\CTOS\ATmega32\HAL\LED" -I"D:\Microcontroller-Architecture-and-Interfacing-with-AVR\CTOS\ATmega32\MCAL\DIO" -Wall -g2 -gstabs -O0 -fpack-struct -fshort-enums -ffunction-sections -fdata-sections -std=gnu99 -funsigned-char -funsigned-bitfields -mmcu=atmega32 -DF_CPU=8000000UL -MMD -MP -MF"EXTI_program.d" -MT"EXTI_program.o" -c -o "EXTI_program.o" "../EXTI_program.c"
Finished building: ../EXTI_program.c
 
Building file: ../main.c
Invoking: AVR Compiler
avr-gcc -I"D:\Microcontroller-Architecture-and-Interfacing-with-AVR\CTOS\ATmega32\LIB" -I"D:\Microcontroller-Architecture-and-Interfacing-with-AVR\CTOS\ATmega32\MCAL\GIE" -I"D:\Microcontroller-Architecture-and-Interfacing-with-AVR\CTOS\ATmega32\MCAL\EXTI" -I"D:\Microcontroller-Architecture-and-Interfacing-with-AVR\CTOS\ATmega32\HAL\SWITCH" -I"D:\Microcontroller-Architecture-and-Interfacing-with-AVR\CTOS\ATmega32\HAL\7SEGMENT" -I"D:\Microcontroller-Architecture-and-Interfacing-with-AVR\CTOS\ATmega32\HAL\BUZZER" -I"D:\Microcontroller-Architecture-and-Interfacing-with-AVR\CTOS\ATmega32\HAL\LED" -I"D:\Microcontroller-Architecture-and-Interfacing-with-AVR\CTOS\ATmega32\MCAL\DIO" -Wall -g2 -gstabs -O0 -fpack-struct -fshort-enums -ffunction-sections -fdata-sections -std=gnu99 -funsigned-char -funsigned-bitfields -mmcu=atmega32 -DF_CPU=8000000UL -MMD -MP -MF"main.d" -MT"main.o" -c -o "main.o" "../main.c"
In file included from ../main.c:8:
d:/01- embedded systems avr tools-20260212t180018z-1-001/01- embedded systems avr tools/01- imt sdk/imt_sdk_win_64/winavr/lib/gcc/../../avr/include/util/delay.h:90:3: warning: #warning "Compiler optimizations disabled; functions from <util/delay.h> won't work as designed"
Finished building: ../main.c
 
Building target: DIO_test.elf
Invoking: AVR C Linker
avr-gcc -Wl,-Map,DIO_test.map -mmcu=atmega32 -o "DIO_test.elf"  ./7SEGMENT.o ./BUZZER.o ./DIO_program.o ./EXTI_program.o ./GIE_program.o ./LED.o ./SWITCH.o ./main.o   
Finished building target: DIO_test.elf
 
Invoking: AVR Create Extended Listing
avr-objdump -h -S DIO_test.elf  >"DIO_test.lss"
Finished building: DIO_test.lss
 
Create Flash image (ihex format)
avr-objcopy -R .eeprom -R .fuse -R .lock -R .signature -O ihex DIO_test.elf  "DIO_test.hex"
Finished building: DIO_test.hex
 
Invoking: Print Size
avr-size --format=avr --mcu=atmega32 DIO_test.elf
AVR Memory Usage
----------------
Device: atmega32

Program:    7458 bytes (22.8% Full)
(.text + .data + .bootloader)

Data:         44 bytes (2.1% Full)
(.data + .bss + .noinit)


Finished building: sizedummy
 
12:26:11 **** Incremental Build of configuration Debug for project DIO_test ****
make all 
Invoking: Print Size
avr-size --format=avr --mcu=atmega32 DIO_test.elf
AVR Memory Usage
----------------
Device: atmega32

Program:    7458 bytes (22.8% Full)
(.text + .data + .bootloader)

Data:         44 bytes (2.1% Full)
(.data + .bss + .noinit)


Finished building: sizedummy
 
